Component: ARM Compiler 5.06 update 6 (build 750) Tool: armlink [4d35ed]

==============================================================================

Section Cross References

    startup_stm32f10x_hd.o(STACK) refers (Special) to heapauxi.o(.text) for __use_two_region_memory
    startup_stm32f10x_hd.o(HEAP) refers (Special) to heapauxi.o(.text) for __use_two_region_memory
    startup_stm32f10x_hd.o(RESET) refers (Special) to heapauxi.o(.text) for __use_two_region_memory
    startup_stm32f10x_hd.o(RESET) refers to startup_stm32f10x_hd.o(STACK) for __initial_sp
    startup_stm32f10x_hd.o(RESET) refers to startup_stm32f10x_hd.o(.text) for Reset_Handler
    startup_stm32f10x_hd.o(RESET) refers to stm32f10x_it.o(i.NMI_Handler) for NMI_Handler
    startup_stm32f10x_hd.o(RESET) refers to stm32f10x_it.o(i.HardFault_Handler) for HardFault_Handler
    startup_stm32f10x_hd.o(RESET) refers to stm32f10x_it.o(i.MemManage_Handler) for MemManage_Handler
    startup_stm32f10x_hd.o(RESET) refers to stm32f10x_it.o(i.BusFault_Handler) for BusFault_Handler
    startup_stm32f10x_hd.o(RESET) refers to stm32f10x_it.o(i.UsageFault_Handler) for UsageFault_Handler
    startup_stm32f10x_hd.o(RESET) refers to stm32f10x_it.o(i.SVC_Handler) for SVC_Handler
    startup_stm32f10x_hd.o(RESET) refers to stm32f10x_it.o(i.DebugMon_Handler) for DebugMon_Handler
    startup_stm32f10x_hd.o(RESET) refers to stm32f10x_it.o(i.PendSV_Handler) for PendSV_Handler
    startup_stm32f10x_hd.o(RESET) refers to stm32f10x_it.o(i.SysTick_Handler) for SysTick_Handler
    startup_stm32f10x_hd.o(RESET) refers to exti.o(i.EXTI9_5_IRQHandler) for EXTI9_5_IRQHandler
    startup_stm32f10x_hd.o(RESET) refers to control.o(i.TIM1_UP_IRQHandler) for TIM1_UP_IRQHandler
    startup_stm32f10x_hd.o(RESET) refers to encoder.o(i.TIM2_IRQHandler) for TIM2_IRQHandler
    startup_stm32f10x_hd.o(RESET) refers to encoder.o(i.TIM3_IRQHandler) for TIM3_IRQHandler
    startup_stm32f10x_hd.o(RESET) refers to usart3.o(i.USART3_IRQHandler) for USART3_IRQHandler
    startup_stm32f10x_hd.o(.text) refers (Special) to heapauxi.o(.text) for __use_two_region_memory
    startup_stm32f10x_hd.o(.text) refers to system_stm32f10x.o(i.SystemInit) for SystemInit
    startup_stm32f10x_hd.o(.text) refers to __main.o(!!!main) for __main
    startup_stm32f10x_hd.o(.text) refers to startup_stm32f10x_hd.o(HEAP) for Heap_Mem
    startup_stm32f10x_hd.o(.text) refers to startup_stm32f10x_hd.o(STACK) for Stack_Mem
    main.o(i.main) refers to misc.o(i.NVIC_PriorityGroupConfig) for NVIC_PriorityGroupConfig
    main.o(i.main) refers to delay.o(i.delay_init) for delay_init
    main.o(i.main) refers to sys.o(i.JTAG_Set) for JTAG_Set
    main.o(i.main) refers to led.o(i.LED_Init) for LED_Init
    main.o(i.main) refers to key.o(i.KEY_Init) for KEY_Init
    main.o(i.main) refers to oled.o(i.OLED_Init) for OLED_Init
    main.o(i.main) refers to encoder.o(i.Encoder_Init_TIM2) for Encoder_Init_TIM2
    main.o(i.main) refers to encoder.o(i.Encoder_Init_TIM3) for Encoder_Init_TIM3
    main.o(i.main) refers to exti.o(i.EXTIX_Init) for EXTIX_Init
    main.o(i.main) refers to adc.o(i.Adc_Init) for Adc_Init
    main.o(i.main) refers to moto.o(i.Servo_PWM_Init) for Servo_PWM_Init
    main.o(i.main) refers to moto.o(i.Motor_PWM_Init) for Motor_PWM_Init
    main.o(i.main) refers to usart3.o(i.uart3_init) for uart3_init
    main.o(i.main) refers to show.o(i.APP_Show) for APP_Show
    main.o(i.main) refers to show.o(i.oled_show) for oled_show
    main.o(i.main) refers to main.o(.data) for Flag_Show
    system_stm32f10x.o(i.SetSysClock) refers to system_stm32f10x.o(i.SetSysClockTo72) for SetSysClockTo72
    system_stm32f10x.o(i.SystemCoreClockUpdate) refers to system_stm32f10x.o(.data) for SystemCoreClock
    system_stm32f10x.o(i.SystemInit) refers to system_stm32f10x.o(i.SetSysClock) for SetSysClock
    stm32f10x_adc.o(i.ADC_DeInit) refers to stm32f10x_rcc.o(i.RCC_APB2PeriphResetCmd) for RCC_APB2PeriphResetCmd
    stm32f10x_bkp.o(i.BKP_DeInit) refers to stm32f10x_rcc.o(i.RCC_BackupResetCmd) for RCC_BackupResetCmd
    stm32f10x_can.o(i.CAN_DeInit) refers to stm32f10x_rcc.o(i.RCC_APB1PeriphResetCmd) for RCC_APB1PeriphResetCmd
    stm32f10x_can.o(i.CAN_GetITStatus) refers to stm32f10x_can.o(i.CheckITStatus) for CheckITStatus
    stm32f10x_cec.o(i.CEC_DeInit) refers to stm32f10x_rcc.o(i.RCC_APB1PeriphResetCmd) for RCC_APB1PeriphResetCmd
    stm32f10x_dac.o(i.DAC_DeInit) refers to stm32f10x_rcc.o(i.RCC_APB1PeriphResetCmd) for RCC_APB1PeriphResetCmd
    stm32f10x_flash.o(i.FLASH_EnableWriteProtection) refers to stm32f10x_flash.o(i.FLASH_WaitForLastOperation) for FLASH_WaitForLastOperation
    stm32f10x_flash.o(i.FLASH_EraseAllBank1Pages) refers to stm32f10x_flash.o(i.FLASH_WaitForLastBank1Operation) for FLASH_WaitForLastBank1Operation
    stm32f10x_flash.o(i.FLASH_EraseAllPages) refers to stm32f10x_flash.o(i.FLASH_WaitForLastOperation) for FLASH_WaitForLastOperation
[...]
    i.UsageFault_Handler                     0x0800298c   Section        0  stm32f10x_it.o(i.UsageFault_Handler)
    i.Xianfu_Pwm                             0x08002990   Section        0  control.o(i.Xianfu_Pwm)
    i.__ARM_fpclassify                       0x08002a00   Section        0  fpclassify.o(i.__ARM_fpclassify)
    i.__abs                                  0x08002a28   Section        0  control.o(i.__abs)
    i.__ieee754_rem_pio2                     0x08002a38   Section        0  rred.o(i.__ieee754_rem_pio2)
    i.__kernel_poly                          0x08002dc0   Section        0  poly.o(i.__kernel_poly)
    i.__kernel_tan                           0x08002e6c   Section        0  tan_i.o(i.__kernel_tan)
    i.__mathlib_dbl_divzero                  0x080030e8   Section        0  dunder.o(i.__mathlib_dbl_divzero)
    i.__mathlib_dbl_infnan                   0x080030f8   Section        0  dunder.o(i.__mathlib_dbl_infnan)
    i.__mathlib_dbl_infnan2                  0x080030fe   Section        0  dunder.o(i.__mathlib_dbl_infnan2)
    i.__mathlib_dbl_invalid                  0x08003102   Section        0  dunder.o(i.__mathlib_dbl_invalid)
    i.__mathlib_dbl_overflow                 0x0800310e   Section        0  dunder.o(i.__mathlib_dbl_overflow)
    i.__mathlib_dbl_underflow                0x0800311c   Section        0  dunder.o(i.__mathlib_dbl_underflow)
    i._sys_exit                              0x0800312c   Section        0  usart.o(i._sys_exit)
    i.control_return_to_show                 0x08003134   Section        0  encoder.o(i.control_return_to_show)
    i.delay_init                             0x0800313c   Section        0  delay.o(i.delay_init)
    i.delay_ms                               0x0800317c   Section        0  delay.o(i.delay_ms)
    i.encoder_caculter                       0x080031b8   Section        0  encoder.o(i.encoder_caculter)
    i.fputc                                  0x080031e0   Section        0  usart.o(i.fputc)
    i.main                                   0x08003228   Section        0  main.o(i.main)
    i.oled_pow                               0x0800328c   Section        0  oled.o(i.oled_pow)
    i.oled_show                              0x080032a2   Section        0  show.o(i.oled_show)
    i.pow                                    0x080032f0   Section        0  pow.o(i.pow)
    i.resgister_event_handle                 0x08003cc8   Section        0  event_queue.o(i.resgister_event_handle)
    i.sqrt                                   0x08003d04   Section        0  sqrt.o(i.sqrt)
    i.tan                                    0x08003d50   Section        0  tan.o(i.tan)
    i.uart3_init                             0x08003db4   Section        0  usart3.o(i.uart3_init)
    x$fpl$d2f                                0x08003e5c   Section       98  d2f.o(x$fpl$d2f)
    x$fpl$dadd                               0x08003ec0   Section      336  daddsub_clz.o(x$fpl$dadd)
    _dadd1                                   0x08003ed1   Thumb Code     0  daddsub_clz.o(x$fpl$dadd)
    x$fpl$dcheck1                            0x08004010   Section       16  dcheck1.o(x$fpl$dcheck1)
    x$fpl$dcmpinf                            0x08004020   Section       24  dcmpi.o(x$fpl$dcmpinf)
    x$fpl$ddiv                               0x08004038   Section      688  ddiv.o(x$fpl$ddiv)
    ddiv_entry                               0x0800403f   Thumb Code     0  ddiv.o(x$fpl$ddiv)
    x$fpl$dfix                               0x080042e8   Section       94  dfix.o(x$fpl$dfix)
    x$fpl$dflt                               0x08004346   Section       46  dflt_clz.o(x$fpl$dflt)
    x$fpl$dfltu                              0x08004374   Section       38  dflt_clz.o(x$fpl$dfltu)
    x$fpl$dleqf                              0x0800439c   Section      120  dleqf.o(x$fpl$dleqf)
    x$fpl$dmul                               0x08004414   Section      340  dmul.o(x$fpl$dmul)
    x$fpl$dnaninf                            0x08004568   Section      156  dnaninf.o(x$fpl$dnaninf)
    x$fpl$dretinf                            0x08004604   Section       12  dretinf.o(x$fpl$dretinf)
    x$fpl$drleqf                             0x08004610   Section      108  drleqf.o(x$fpl$drleqf)
    x$fpl$drsb                               0x0800467c   Section       22  daddsub_clz.o(x$fpl$drsb)
    x$fpl$dsqrt                              0x08004694   Section      460  dsqrt_noumaal.o(x$fpl$dsqrt)
    x$fpl$dsub                               0x08004860   Section      468  daddsub_clz.o(x$fpl$dsub)
    _dsub1                                   0x08004871   Thumb Code     0  daddsub_clz.o(x$fpl$dsub)
    x$fpl$f2d                                0x08004a34   Section       86  f2d.o(x$fpl$f2d)
    x$fpl$fadd                               0x08004a8c   Section      196  faddsub_clz.o(x$fpl$fadd)
    _fadd1                                   0x08004a9b   Thumb Code     0  faddsub_clz.o(x$fpl$fadd)
    x$fpl$fcmpinf                            0x08004b50   Section       24  fcmpi.o(x$fpl$fcmpinf)
    x$fpl$fdiv                               0x08004b68   Section      388  fdiv.o(x$fpl$fdiv)
    _fdiv1                                   0x08004b69   Thumb Code     0  fdiv.o(x$fpl$fdiv)
    x$fpl$ffix                               0x08004cec   Section       54  ffix.o(x$fpl$ffix)
    x$fpl$ffixu                              0x08004d24   Section       62  ffixu.o(x$fpl$ffixu)
    x$fpl$fflt                               0x08004d64   Section       48  fflt_clz.o(x$fpl$fflt)
    x$fpl$ffltu                              0x08004d94   Section       38  fflt_clz.o(x$fpl$ffltu)
    x$fpl$fleqf                              0x08004dbc   Section      104  fleqf.o(x$fpl$fleqf)
    x$fpl$fmul                               0x08004e24   Section      258  fmul.o(x$fpl$fmul)
    x$fpl$fnaninf                            0x08004f26   Section      140  fnaninf.o(x$fpl$fnaninf)
    x$fpl$fretinf                            0x08004fb2   Section       10  fretinf.o(x$fpl$fretinf)
    x$fpl$frleqf                             0x08004fbc   Section       98  frleqf.o(x$fpl$frleqf)
    x$fpl$fsub                               0x08005020   Section      234  faddsub_clz.o(x$fpl$fsub)
    _fsub1                                   0x0800502f   Thumb Code     0  faddsub_clz.o(x$fpl$fsub)
    x$fpl$retnan                             0x0800510a   Section      100  retnan.o(x$fpl$retnan)
    x$fpl$scalbn                             0x0800516e   Section       92  scalbn.o(x$fpl$scalbn)
    x$fpl$trapveneer                         0x080051ca   Section       48  trapv.o(x$fpl$trapveneer)
    .constdata                               0x080051fa   Section     2660  oled.o(.constdata)
    x$fpl$usenofp                            0x080051fa   Section        0  usenofp.o(x$fpl$usenofp)
    .constdata                               0x08005c60   Section      136  pow.o(.constdata)
    bp                                       0x08005c60   Data          16  pow.o(.constdata)
    dp_h                                     0x08005c70   Data          16  pow.o(.constdata)
    dp_l                                     0x08005c80   Data          16  pow.o(.constdata)
    L                                        0x08005c90   Data          48  pow.o(.constdata)
    P                                        0x08005cc0   Data          40  pow.o(.constdata)
    .constdata                               0x08005ce8   Section        8  qnan.o(.constdata)
    .constdata                               0x08005cf0   Section      200  rred.o(.constdata)
    pio2s                                    0x08005cf0   Data          48  rred.o(.constdata)
    twooverpi                                0x08005d20   Data         152  rred.o(.constdata)
    .constdata                               0x08005db8   Section       96  tan_i.o(.constdata)
    Todd                                     0x08005db8   Data          48  tan_i.o(.constdata)
    Teven                                    0x08005de8   Data          48  tan_i.o(.constdata)
    .data                                    0x20000000   Section      140  main.o(.data)
    .data                                    0x2000008c   Section       20  stm32f10x_rcc.o(.data)
    APBAHBPrescTable                         0x2000008c   Data          16  stm32f10x_rcc.o(.data)
    ADCPrescTable                            0x2000009c   Data           4  stm32f10x_rcc.o(.data)
    .data                                    0x200000a0   Section        4  delay.o(.data)
    fac_us                                   0x200000a0   Data           1  delay.o(.data)
    fac_ms                                   0x200000a2   Data           2  delay.o(.data)
    .data                                    0x200000a4   Section        4  usart.o(.data)
    .data                                    0x200000a8   Section        4  led.o(.data)
    temp                                     0x200000a8   Data           4  led.o(.data)
    .data                                    0x200000ac   Section        8  usart3.o(.data)
    Flag_PID                                 0x200000ad   Data           1  usart3.o(.data)
    i                                        0x200000ae   Data           1  usart3.o(.data)
    j                                        0x200000af   Data           1  usart3.o(.data)
    Data                                     0x200000b0   Data           4  usart3.o(.data)
    .data                                    0x200000b4   Section       64  control.o(.data)
    Bias                                     0x200000cc   Data           4  control.o(.data)
    Pwm                                      0x200000d0   Data           4  control.o(.data)
    Last_bias                                0x200000d4   Data           4  control.o(.data)
    Bias                                     0x200000d8   Data           4  control.o(.data)
    Pwm                                      0x200000dc   Data           4  control.o(.data)
    Last_bias                                0x200000e0   Data           4  control.o(.data)
    Bias                                     0x200000e4   Data           4  control.o(.data)
    Last_Bias                                0x200000e8   Data           4  control.o(.data)
    Bias                                     0x200000ec   Data           4  control.o(.data)
    velocity                                 0x200000f0   Data           4  control.o(.data)
    .data                                    0x200000f4   Section        9  show.o(.data)
    flag                                     0x200000fc   Data           1  show.o(.data)
    .data                                    0x200000fd   Section        1  event_queue.o(.data)
    .bss                                     0x20000100   Section       68  encoder.o(.bss)
    .bss                                     0x20000144   Section     1024  oled.o(.bss)
    .bss                                     0x20000544   Section       50  usart3.o(.bss)
    Receive                                  0x20000544   Data          50  usart3.o(.bss)
    .bss                                     0x20000578   Section      400  event_queue.o(.bss)
    .bss                                     0x20000708   Section       96  libspace.o(.bss)
    HEAP                                     0x20000768   Section      512  startup_stm32f10x_hd.o(HEAP)
    Heap_Mem                                 0x20000768   Data         512  startup_stm32f10x_hd.o(HEAP)
    STACK                                    0x20000968   Section     1024  startup_stm32f10x_hd.o(STACK)
    Stack_Mem                                0x20000968   Data        1024  startup_stm32f10x_hd.o(STACK)
    __initial_sp                             0x20000d68   Data           0  startup_stm32f10x_hd.o(STACK)

    Global Symbols

    Symbol Name                              Value     Ov Type        Size  Object(Section)

    BuildAttributes$$THM_ISAv4$P$D$K$B$S$PE$A:L22UL41UL21$X:L11$S22US41US21$IEEE1$IW$USESV6$~STKCKD$USESV7$~SHL$OTIME$ROPI$IEEEX$EBA8$UX$STANDARDLIB$REQ8$PRES8$EABIv2 0x00000000   Number         0  anon$$obj.o ABSOLUTE
    __ARM_use_no_argv                        0x00000000   Number         0  main.o ABSOLUTE
    __ARM_exceptions_init                     - Undefined Weak Reference
    __alloca_initialize                       - Undefined Weak Reference
    __arm_preinit_                            - Undefined Weak Reference
    __cpp_initialize__aeabi_                  - Undefined Weak Reference
    __cxa_finalize                            - Undefined Weak Reference
    __rt_locale                               - Undefined Weak Reference
    __sigvec_lookup                           - Undefined Weak Reference
    _atexit_init                              - Undefined Weak Reference
    _call_atexit_fns                          - Undefined Weak Reference
    _clock_init                               - Undefined Weak Reference
    _fp_trap_init                             - Undefined Weak Reference
    _fp_trap_shutdown                         - Undefined Weak Reference
    _get_lc_collate                           - Undefined Weak Reference
    _get_lc_ctype                             - Undefined Weak Reference
    _get_lc_monetary                          - Undefined Weak Reference
    _get_lc_numeric                           - Undefined Weak Reference
    _get_lc_time                              - Undefined Weak Reference
    _getenv_init                              - Undefined Weak Reference
    _handle_redirection                       - Undefined Weak Reference
    _init_alloc                               - Undefined Weak Reference
    _init_user_alloc                          - Undefined Weak Reference
    _initio                                   - Undefined Weak Reference
    _mutex_acquire                            - Undefined Weak Reference
    _mutex_release                            - Undefined Weak Reference
    _printf_post_padding                      - Undefined Weak Reference
    _printf_pre_padding                       - Undefined Weak Reference
    _printf_truncate_signed                   - Undefined Weak Reference
    _printf_truncate_unsigned                 - Undefined Weak Reference
    _rand_init                                - Undefined Weak Reference
    _signal_finish                            - Undefined Weak Reference
    _signal_init                              - Undefined Weak Reference
    _terminate_alloc                          - Undefined Weak Reference
    _terminate_user_alloc                     - Undefined Weak Reference
    _terminateio                              - Undefined Weak Reference
    __Vectors_Size                           0x00000130   Number         0  startup_stm32f10x_hd.o ABSOLUTE
    __Vectors                                0x08000000   Data           4  startup_stm32f10x_hd.o(RESET)
    __Vectors_End                            0x08000130   Data           0  startup_stm32f10x_hd.o(RESET)
    __main                                   0x08000131   Thumb Code     8  __main.o(!!!main)
    __scatterload                            0x08000139   Thumb Code     0  __scatter.o(!!!scatter)
    __scatterload_rt2                        0x08000139   Thumb Code    44  __scatter.o(!!!scatter)
    __scatterload_rt2_thumb_only             0x08000139   Thumb Code     0  __scatter.o(!!!scatter)
    __scatterload_null                       0x08000147   Thumb Code     0  __scatter.o(!!!scatter)
    __scatterload_copy                       0x0800016d   Thumb Code    26  __scatter_copy.o(!!handler_copy)
    __scatterload_zeroinit                   0x08000189   Thumb Code    28  __scatter_zi.o(!!handler_zi)
    _printf_d                                0x080001a5   Thumb Code     0  _printf_d.o(.ARM.Collect$$_printf_percent$$00000009)
    _printf_percent                          0x080001a5   Thumb Code     0  _printf_percent.o(.ARM.Collect$$_printf_percent$$00000000)
    _printf_percent_end                      0x080001ab   Thumb Code     0  _printf_percent_end.o(.ARM.Collect$$_printf_percent$$00000017)
    __rt_lib_init                            0x080001af   Thumb Code     0  libinit.o(.ARM.Collect$$libinit$$00000000)
    __rt_lib_init_alloca_1                   0x080001b1   Thumb Code     0  libinit2.o(.ARM.Collect$$libinit$$0000002E)
    __rt_lib_init_argv_1                     0x080001b1   Thumb Code     0  libinit2.o(.ARM.Collect$$libinit$$0000002C)
    __rt_lib_init_atexit_1                   0x080001b1   Thumb Code     0  libinit2.o(.ARM.Collect$$libinit$$0000001B)
    __rt_lib_init_clock_1                    0x080001b1   Thumb Code     0  libinit2.o(.ARM.Collect$$libinit$$00000021)
    __rt_lib_init_cpp_1                      0x080001b1   Thumb Code     0  libinit2.o(.ARM.Collect$$libinit$$00000032)
    __rt_lib_init_exceptions_1               0x080001b1   Thumb Code     0  libinit2.o(.ARM.Collect$$libinit$$00000030)
    __rt_lib_init_fp_1                       0x080001b1   Thumb Code     0  libinit2.o(.ARM.Collect$$libinit$$00000002)
    __rt_lib_init_fp_trap_1                  0x080001b1   Thumb Code     0  libinit2.o(.ARM.Collect$$libinit$$0000001F)
    __rt_lib_init_getenv_1                   0x080001b1   Thumb Code     0  libinit2.o(.ARM.Collect$$libinit$$00000023)
    __rt_lib_init_heap_1                     0x080001b1   Thumb Code     0  libinit2.o(.ARM.Collect$$libinit$$0000000A)
    __rt_lib_init_lc_collate_1               0x080001b1   Thumb Code     0  libinit2.o(.ARM.Collect$$libinit$$00000011)
    __rt_lib_init_lc_ctype_1                 0x080001b1   Thumb Code     0  libinit2.o(.ARM.Collect$$libinit$$00000013)
    __rt_lib_init_lc_monetary_1              0x080001b1   Thumb Code     0  libinit2.o(.ARM.Collect$$libinit$$00000015)
    __rt_lib_init_lc_numeric_1               0x080001b1   Thumb Code     0  libinit2.o(.ARM.Collect$$libinit$$00000017)
    __rt_lib_init_lc_time_1                  0x080001b1   Thumb Code     0  libinit2.o(.ARM.Collect$$libinit$$00000019)
    __rt_lib_init_preinit_1                  0x080001b1   Thumb Code     0  libinit2.o(.ARM.Collect$$libinit$$00000004)
    __rt_lib_init_rand_1                     0x080001b1   Thumb Code     0  libinit2.o(.ARM.Collect$$libinit$$0000000E)
    __rt_lib_init_return                     0x080001b1   Thumb Code     0  libinit2.o(.ARM.Collect$$libinit$$00000033)
    __rt_lib_init_signal_1                   0x080001b1   Thumb Code     0  libinit2.o(.ARM.Collect$$libinit$$0000001D)
    __rt_lib_init_stdio_1                    0x080001b1   Thumb Code     0  libinit2.o(.ARM.Collect$$libinit$$00000025)
    __rt_lib_init_user_alloc_1               0x080001b1   Thumb Code     0  libinit2.o(.ARM.Collect$$libinit$$0000000C)
    __rt_lib_shutdown                        0x080001b3   Thumb Code     0  libshutdown.o(.ARM.Collect$$libshutdown$$00000000)
    __rt_lib_shutdown_cpp_1                  0x080001b5   Thumb Code     0  libshutdown2.o(.ARM.Collect$$libshutdown$$00000002)
    __rt_lib_shutdown_fp_trap_1              0x080001b5   Thumb Code     0  libshutdown2.o(.ARM.Collect$$libshutdown$$00000007)
    __rt_lib_shutdown_heap_1                 0x080001b5   Thumb Code     0  libshutdown2.o(.ARM.Collect$$libshutdown$$0000000F)
    __rt_lib_shutdown_return                 0x080001b5   Thumb Code     0  libshutdown2.o(.ARM.Collect$$libshutdown$$00000010)
    __rt_lib_shutdown_signal_1               0x080001b5   Thumb Code     0  libshutdown2.o(.ARM.Collect$$libshutdown$$0000000A)
    __rt_lib_shutdown_stdio_1                0x080001b5   Thumb Code     0  libshutdown2.o(.ARM.Collect$$libshutdown$$00000004)
    __rt_lib_shutdown_user_alloc_1           0x080001b5   Thumb Code     0  libshutdown2.o(.ARM.Collect$$libshutdown$$0000000C)
    __rt_entry                               0x080001b7   Thumb Code     0  __rtentry.o(.ARM.Collect$$rtentry$$00000000)
    __rt_entry_presh_1                       0x080001b7   Thumb Code     0  __rtentry2.o(.ARM.Collect$$rtentry$$00000002)
    __rt_entry_sh                            0x080001b7   Thumb Code     0  __rtentry4.o(.ARM.Collect$$rtentry$$00000004)
    __rt_entry_li                            0x080001bd   Thumb Code     0  __rtentry2.o(.ARM.Collect$$rtentry$$0000000A)
    __rt_entry_postsh_1                      0x080001bd   Thumb Code     0  __rtentry2.o(.ARM.Collect$$rtentry$$00000009)
    __rt_entry_main                          0x080001c1   Thumb Code     0  __rtentry2.o(.ARM.Collect$$rtentry$$0000000D)
    __rt_entry_postli_1                      0x080001c1   Thumb Code     0  __rtentry2.o(.ARM.Collect$$rtentry$$0000000C)
    __rt_exit                                0x080001c9   Thumb Code     0  rtexit.o(.ARM.Collect$$rtexit$$00000000)
    __rt_exit_ls                             0x080001cb   Thumb Code     0  rtexit2.o(.ARM.Collect$$rtexit$$00000003)
    __rt_exit_prels_1                        0x080001cb   Thumb Code     0  rtexit2.o(.ARM.Collect$$rtexit$$00000002)
    __rt_exit_exit                           0x080001cf   Thumb Code     0  rtexit2.o(.ARM.Collect$$rtexit$$00000004)
    Reset_Handler                            0x080001d5   Thumb Code     8  startup_stm32f10x_hd.o(.text)
    ADC1_2_IRQHandler                        0x080001ef   Thumb Code     0  startup_stm32f10x_hd.o(.text)
    ADC3_IRQHandler                          0x080001ef   Thumb Code     0  startup_stm32f10x_hd.o(.text)
    CAN1_RX1_IRQHandler                      0x080001ef   Thumb Code     0  startup_stm32f10x_hd.o(.text)
    CAN1_SCE_IRQHandler                      0x080001ef   Thumb Code     0  startup_stm32f10x_hd.o(.text)
    DMA1_Channel1_IRQHandler                 0x080001ef   Thumb Code     0  startup_stm32f10x_hd.o(.text)
    DMA1_Channel2_IRQHandler                 0x080001ef   Thumb Code     0  startup_stm32f10x_hd.o(.text)
    DMA1_Channel3_IRQHandler                 0x080001ef   Thumb Code     0  startup_stm32f10x_hd.o(.text)
    DMA1_Channel4_IRQHandler                 0x080001ef   Thumb Code     0  startup_stm32f10x_hd.o(.text)
    DMA1_Channel5_IRQHandler                 0x080001ef   Thumb Code     0  startup_stm32f10x_hd.o(.text)
    DMA1_Channel6_IRQHandler                 0x080001ef   Thumb Code     0  startup_stm32f10x_hd.o(.text)
    DMA1_Channel7_IRQHandler                 0x080001ef   Thumb Code     0  startup_stm32f10x_hd.o(.text)
    DMA2_Channel1_IRQHandler                 0x080001ef   Thumb Code     0  startup_stm32f10x_hd.o(.text)
    DMA2_Channel2_IRQHandler                 0x080001ef   Thumb Code     0  startup_stm32f10x_hd.o(.text)
    DMA2_Channel3_IRQHandler                 0x080001ef   Thumb Code     0  startup_stm32f10x_hd.o(.text)
    DMA2_Channel4_5_IRQHandler               0x080001ef   Thumb Code     0  startup_stm32f10x_hd.o(.text)
    EXTI0_IRQHandler                         0x080001ef   Thumb Code     0  startup_stm32f10x_hd.o(.text)
    EXTI15_10_IRQHandler                     0x080001ef   Thumb Code     0  startup_stm32f10x_hd.o(.text)
    EXTI1_IRQHandler                         0x080001ef   Thumb Code     0  startup_stm32f10x_hd.o(.text)
    EXTI2_IRQHandler                         0x080001ef   Thumb Code     0  startup_stm32f10x_hd.o(.text)
    EXTI3_IRQHandler                         0x080001ef   Thumb Code     0  startup_stm32f10x_hd.o(.text)
    EXTI4_IRQHandler                         0x080001ef   Thumb Code     0  startup_stm32f10x_hd.o(.text)
    FLASH_IRQHandler                         0x080001ef   Thumb Code     0  startup_stm32f10x_hd.o(.text)
    FSMC_IRQHandler                          0x080001ef   Thumb Code     0  startup_stm32f10x_hd.o(.text)
    I2C1_ER_IRQHandler                       0x080001ef   Thumb Code     0  startup_stm32f10x_hd.o(.text)
    I2C1_EV_IRQHandler                       0x080001ef   Thumb Code     0  startup_stm32f10x_hd.o(.text)
    I2C2_ER_IRQHandler                       0x080001ef   Thumb Code     0  startup_stm32f10x_hd.o(.text)
    I2C2_EV_IRQHandler                       0x080001ef   Thumb Code     0  startup_stm32f10x_hd.o(.text)
    PVD_IRQHandler                           0x080001ef   Thumb Code     0  startup_stm32f10x_hd.o(.text)
    RCC_IRQHandler                           0x080001ef   Thumb Code     0  startup_stm32f10x_hd.o(.text)
    RTCAlarm_IRQHandler                      0x080001ef   Thumb Code     0  startup_stm32f10x_hd.o(.text)
    RTC_IRQHandler                           0x080001ef   Thumb Code     0  startup_stm32f10x_hd.o(.text)
    SDIO_IRQHandler                          0x080001ef   Thumb Code     0  startup_stm32f10x_hd.o(.text)
    SPI1_IRQHandler                          0x080001ef   Thumb Code     0  startup_stm32f10x_hd.o(.text)
    SPI2_IRQHandler                          0x080001ef   Thumb Code     0  startup_stm32f10x_hd.o(.text)
    SPI3_IRQHandler                          0x080001ef   Thumb Code     0  startup_stm32f10x_hd.o(.text)
    TAMPER_IRQHandler                        0x080001ef   Thumb Code     0  startup_stm32f10x_hd.o(.text)
    TIM1_BRK_IRQHandler                      0x080001ef   Thumb Code     0  startup_stm32f10x_hd.o(.text)
    TIM1_CC_IRQHandler                       0x080001ef   Thumb Code     0  startup_stm32f10x_hd.o(.text)
    TIM1_TRG_COM_IRQHandler                  0x080001ef   Thumb Code     0  startup_stm32f10x_hd.o(.text)
    TIM4_IRQHandler                          0x080001ef   Thumb Code     0  startup_stm32f10x_hd.o(.text)
    TIM5_IRQHandler                          0x080001ef   Thumb Code     0  startup_stm32f10x_hd.o(.text)
    TIM6_IRQHandler                          0x080001ef   Thumb Code     0  startup_stm32f10x_hd.o(.text)
    TIM7_IRQHandler                          0x080001ef   Thumb Code     0  startup_stm32f10x_hd.o(.text)
    TIM8_BRK_IRQHandler                      0x080001ef   Thumb Code     0  startup_stm32f10x_hd.o(.text)
    TIM8_CC_IRQHandler                       0x080001ef   Thumb Code     0  startup_stm32f10x_hd.o(.text)
    TIM8_TRG_COM_IRQHandler                  0x080001ef   Thumb Code     0  startup_stm32f10x_hd.o(.text)
    TIM8_UP_IRQHandler                       0x080001ef   Thumb Code     0  startup_stm32f10x_hd.o(.text)
    UART4_IRQHandler                         0x080001ef   Thumb Code     0  startup_stm32f10x_hd.o(.text)
    UART5_IRQHandler                         0x080001ef   Thumb Code     0  startup_stm32f10x_hd.o(.text)
    USART1_IRQHandler                        0x080001ef   Thumb Code     0  startup_stm32f10x_hd.o(.text)
    USART2_IRQHandler                        0x080001ef   Thumb Code     0  startup_stm32f10x_hd.o(.text)
    USBWakeUp_IRQHandler                     0x080001ef   Thumb Code     0  startup_stm32f10x_hd.o(.text)
    USB_HP_CAN1_TX_IRQHandler                0x080001ef   Thumb Code     0  startup_stm32f10x_hd.o(.text)
    USB_LP_CAN1_RX0_IRQHandler               0x080001ef   Thumb Code     0  startup_stm32f10x_hd.o(.text)
    WWDG_IRQHandler                          0x080001ef   Thumb Code     0  startup_stm32f10x_hd.o(.text)
    __user_initial_stackheap                 0x080001f1   Thumb Code     0  startup_stm32f10x_hd.o(.text)
    __use_no_semihosting                     0x08000215   Thumb Code     2  use_no_semi_2.o(.text)
    __2printf                                0x08000219   Thumb Code    20  noretval__2printf.o(.text)
    __printf                                 0x08000231   Thumb Code   104  __printf.o(.text)
    _printf_int_dec                          0x08000299   Thumb Code   104  _printf_dec.o(.text)
    __aeabi_memclr                           0x08000311   Thumb Code     0  rt_memclr.o(.text)
    __rt_memclr                              0x08000311   Thumb Code    68  rt_memclr.o(.text)
    _memset                                  0x08000315   Thumb Code     0  rt_memclr.o(.text)
    __aeabi_memclr4                          0x08000355   Thumb Code     0  rt_memclr_w.o(.text)
    __aeabi_memclr8                          0x08000355   Thumb Code     0  rt_memclr_w.o(.text)
    __rt_memclr_w                            0x08000355   Thumb Code    78  rt_memclr_w.o(.text)
    _memset_w                                0x08000359   Thumb Code     0  rt_memclr_w.o(.text)
    __use_two_region_memory                  0x080003a3   Thumb Code     2  heapauxi.o(.text)
    __rt_heap_escrow$2region                 0x080003a5   Thumb Code     2  heapauxi.o(.text)
    __rt_heap_expand$2region                 0x080003a7   Thumb Code     2  heapauxi.o(.text)
    __I$use$semihosting                      0x080003a9   Thumb Code     0  use_no_semi.o(.text)
    __use_no_semihosting_swi                 0x080003a9   Thumb Code     2  use_no_semi.o(.text)
    __read_errno                             0x080003ab   Thumb Code    10  _rserrno.o(.text)
    __set_errno                              0x080003b5   Thumb Code    12  _rserrno.o(.text)
    _printf_int_common                       0x080003c1   Thumb Code   178  _printf_intcommon.o(.text)
    _printf_char_file                        0x08000475   Thumb Code    32  _printf_char_file.o(.text)
    __aeabi_errno_addr                       0x08000499   Thumb Code     8  rt_errno_addr_intlibspace.o(.text)
    __errno$intlibspace                      0x08000499   Thumb Code     0  rt_errno_addr_intlibspace.o(.text)
    __rt_errno_addr$intlibspace              0x08000499   Thumb Code     0  rt_errno_addr_intlibspace.o(.text)
    _printf_char_common                      0x080004ab   Thumb Code    32  _printf_char_common.o(.text)
    ferror                                   0x080004d1   Thumb Code     8  ferror.o(.text)
    __user_libspace                          0x080004d9   Thumb Code     8  libspace.o(.text)
    __user_perproc_libspace                  0x080004d9   Thumb Code     0  libspace.o(.text)
    __user_perthread_libspace                0x080004d9   Thumb Code     0  libspace.o(.text)
    __user_setup_stackheap                   0x080004e1   Thumb Code    74  sys_stackheap_outer.o(.text)
    exit                                     0x0800052b   Thumb Code    18  exit.o(.text)
    ADC_Cmd                                  0x0800053d   Thumb Code    22  stm32f10x_adc.o(i.ADC_Cmd)
    ADC_DeInit                               0x08000555   Thumb Code    78  stm32f10x_adc.o(i.ADC_DeInit)
    ADC_GetCalibrationStatus                 0x080005b1   Thumb Code    20  stm32f10x_adc.o(i.ADC_GetCalibrationStatus)
    ADC_GetConversionValue                   0x080005c5   Thumb Code     8  stm32f10x_adc.o(i.ADC_GetConversionValue)
    ADC_GetFlagStatus                        0x080005cd   Thumb Code    18  stm32f10x_adc.o(i.ADC_GetFlagStatus)
    ADC_GetResetCalibrationStatus            0x080005df   Thumb Code    20  stm32f10x_adc.o(i.ADC_GetResetCalibrationStatus)
    ADC_Init                                 0x080005f5   Thumb Code    70  stm32f10x_adc.o(i.ADC_Init)
    ADC_RegularChannelConfig                 0x08000645   Thumb Code   184  stm32f10x_adc.o(i.ADC_RegularChannelConfig)
    ADC_ResetCalibration                     0x080006fd   Thumb Code    10  stm32f10x_adc.o(i.ADC_ResetCalibration)
    ADC_SoftwareStartConvCmd                 0x08000707   Thumb Code    22  stm32f10x_adc.o(i.ADC_SoftwareStartConvCmd)
    ADC_StartCalibration                     0x0800071d   Thumb Code    10  stm32f10x_adc.o(i.ADC_StartCalibration)
    APP_Show                                 0x08000729   Thumb Code   274  show.o(i.APP_Show)
    Adc_Init                                 0x080008b1   Thumb Code   130  adc.o(i.Adc_Init)
    Amplitude_Limiting                       0x0800093d   Thumb Code    22  control.o(i.Amplitude_Limiting)
    BusFault_Handler                         0x08000953   Thumb Code     4  stm32f10x_it.o(i.BusFault_Handler)
    CAR_Breaking                             0x08000959   Thumb Code    42  control.o(i.CAR_Breaking)
    CAR_Dis                                  0x08000995   Thumb Code    50  control.o(i.CAR_Dis)
    DebugMon_Handler                         0x080009d9   Thumb Code     2  stm32f10x_it.o(i.DebugMon_Handler)
    Distance_PID                             0x080009dd   Thumb Code   104  control.o(i.Distance_PID)
    EXTI9_5_IRQHandler                       0x08000a59   Thumb Code    28  exti.o(i.EXTI9_5_IRQHandler)
    EXTIX_Init                               0x08000a7d   Thumb Code    82  exti.o(i.EXTIX_Init)
    EXTI_ClearITPendingBit                   0x08000ad1   Thumb Code     6  stm32f10x_exti.o(i.EXTI_ClearITPendingBit)
    EXTI_Init                                0x08000add   Thumb Code   142  stm32f10x_exti.o(i.EXTI_Init)
    Encoder_Init_TIM2                        0x08000b71   Thumb Code   172  encoder.o(i.Encoder_Init_TIM2)
    Encoder_Init_TIM3                        0x08000c21   Thumb Code   168  encoder.o(i.Encoder_Init_TIM3)
    GPIO_EXTILineConfig                      0x08000cd1   Thumb Code    60  stm32f10x_gpio.o(i.GPIO_EXTILineConfig)
    GPIO_Init                                0x08000d11   Thumb Code   278  stm32f10x_gpio.o(i.GPIO_Init)
    GPIO_SetBits                             0x08000e27   Thumb Code     4  stm32f10x_gpio.o(i.GPIO_SetBits)
    Get_Adc                                  0x08000e2d   Thumb Code    46  adc.o(i.Get_Adc)
    Get_RC                                   0x08000e61   Thumb Code   382  control.o(i.Get_RC)
    Get_battery_volt                         0x08001009   Thumb Code    78  adc.o(i.Get_battery_volt)
    HardFault_Handler                        0x08001069   Thumb Code     4  stm32f10x_it.o(i.HardFault_Handler)
    Incremental_PI_A                         0x0800106d   Thumb Code   114  control.o(i.Incremental_PI_A)
    Incremental_PI_B                         0x080010f5   Thumb Code   114  control.o(i.Incremental_PI_B)
    JTAG_Set                                 0x0800117d   Thumb Code    38  sys.o(i.JTAG_Set)
    KEY_Init                                 0x080011ad   Thumb Code    46  key.o(i.KEY_Init)
    Kinematic_Analysis                       0x080011e5   Thumb Code   236  control.o(i.Kinematic_Analysis)
    LED_Init                                 0x080012f1   Thumb Code    44  led.o(i.LED_Init)
    LED_ON                                   0x08001321   Thumb Code    16  key.o(i.LED_ON)
    Led_Flash                                0x08001331   Thumb Code    44  led.o(i.Led_Flash)
    MOTOR_Release                            0x08001369   Thumb Code    24  moto.o(i.MOTOR_Release)
    MemManage_Handler                        0x08001389   Thumb Code     4  stm32f10x_it.o(i.MemManage_Handler)
    Motor_PWM_Init                           0x0800138d   Thumb Code   250  moto.o(i.Motor_PWM_Init)
    NMI_Handler                              0x08001491   Thumb Code     2  stm32f10x_it.o(i.NMI_Handler)
    NVIC_Init                                0x08001495   Thumb Code   100  misc.o(i.NVIC_Init)
    NVIC_PriorityGroupConfig                 0x08001505   Thumb Code    10  misc.o(i.NVIC_PriorityGroupConfig)
    OLED_Clear                               0x08001519   Thumb Code    42  oled.o(i.OLED_Clear)
    OLED_DrawPoint                           0x08001549   Thumb Code   100  oled.o(i.OLED_DrawPoint)
    OLED_Init                                0x080015b1   Thumb Code   288  oled.o(i.OLED_Init)
    OLED_Refresh_Gram                        0x080016e1   Thumb Code    70  oled.o(i.OLED_Refresh_Gram)
    OLED_ShowChar                            0x0800172d   Thumb Code   158  oled.o(i.OLED_ShowChar)
    OLED_ShowNumber                          0x080017d5   Thumb Code   148  oled.o(i.OLED_ShowNumber)
    OLED_WR_Byte                             0x08001869   Thumb Code    78  oled.o(i.OLED_WR_Byte)
    PendSV_Handler                           0x080018c1   Thumb Code     2  stm32f10x_it.o(i.PendSV_Handler)
    RCC_ADCCLKConfig                         0x080018c5   Thumb Code    18  stm32f10x_rcc.o(i.RCC_ADCCLKConfig)
    RCC_APB1PeriphClockCmd                   0x080018dd   Thumb Code    26  stm32f10x_rcc.o(i.RCC_APB1PeriphClockCmd)
    RCC_APB2PeriphClockCmd                   0x080018fd   Thumb Code    26  stm32f10x_rcc.o(i.RCC_APB2PeriphClockCmd)
    RCC_APB2PeriphResetCmd                   0x0800191d   Thumb Code    26  stm32f10x_rcc.o(i.RCC_APB2PeriphResetCmd)
    RCC_GetClocksFreq                        0x0800193d   Thumb Code   192  stm32f10x_rcc.o(i.RCC_GetClocksFreq)
    Read_Encoder                             0x08001a11   Thumb Code    70  encoder.o(i.Read_Encoder)
    SVC_Handler                              0x08001a61   Thumb Code     2  stm32f10x_it.o(i.SVC_Handler)
    Servo_PWM_Init                           0x08001a65   Thumb Code   190  moto.o(i.Servo_PWM_Init)
    Set_Pwm                                  0x08001c15   Thumb Code   110  control.o(i.Set_Pwm)
    SysTick_Handler                          0x08001c91   Thumb Code     2  stm32f10x_it.o(i.SysTick_Handler)
    SystemInit                               0x08001c95   Thumb Code    78  system_stm32f10x.o(i.SystemInit)
    TIM1_UP_IRQHandler                       0x08001f35   Thumb Code   326  control.o(i.TIM1_UP_IRQHandler)
    TIM2_IRQHandler                          0x080020d5   Thumb Code    20  encoder.o(i.TIM2_IRQHandler)
    TIM3_IRQHandler                          0x080020e9   Thumb Code    20  encoder.o(i.TIM3_IRQHandler)
    TIM_ARRPreloadConfig                     0x08002101   Thumb Code    24  stm32f10x_tim.o(i.TIM_ARRPreloadConfig)
    TIM_ClearFlag                            0x08002119   Thumb Code     6  stm32f10x_tim.o(i.TIM_ClearFlag)
    TIM_ClearITPendingBit                    0x0800211f   Thumb Code     6  stm32f10x_tim.o(i.TIM_ClearITPendingBit)
    TIM_Cmd                                  0x08002125   Thumb Code    24  stm32f10x_tim.o(i.TIM_Cmd)
    TIM_CtrlPWMOutputs                       0x0800213d   Thumb Code    30  stm32f10x_tim.o(i.TIM_CtrlPWMOutputs)
    TIM_EncoderInterfaceConfig               0x0800215b   Thumb Code    66  stm32f10x_tim.o(i.TIM_EncoderInterfaceConfig)
    TIM_GetFlagStatus                        0x0800219d   Thumb Code    18  stm32f10x_tim.o(i.TIM_GetFlagStatus)
    TIM_ICInit                               0x080021b1   Thumb Code   150  stm32f10x_tim.o(i.TIM_ICInit)
    TIM_ICStructInit                         0x0800225d   Thumb Code    18  stm32f10x_tim.o(i.TIM_ICStructInit)
    TIM_ITConfig                             0x0800226f   Thumb Code    18  stm32f10x_tim.o(i.TIM_ITConfig)
    TIM_OC1Init                              0x08002281   Thumb Code   132  stm32f10x_tim.o(i.TIM_OC1Init)
    TIM_OC1PreloadConfig                     0x08002319   Thumb Code    18  stm32f10x_tim.o(i.TIM_OC1PreloadConfig)
    TIM_OC2Init                              0x0800232d   Thumb Code   154  stm32f10x_tim.o(i.TIM_OC2Init)
    TIM_OC2PreloadConfig                     0x080023d1   Thumb Code    26  stm32f10x_tim.o(i.TIM_OC2PreloadConfig)
    TIM_OC3Init                              0x080023ed   Thumb Code   150  stm32f10x_tim.o(i.TIM_OC3Init)
    TIM_OC3PreloadConfig                     0x0800248d   Thumb Code    18  stm32f10x_tim.o(i.TIM_OC3PreloadConfig)
    TIM_OC4Init                              0x080024a1   Thumb Code   114  stm32f10x_tim.o(i.TIM_OC4Init)
    TIM_OC4PreloadConfig                     0x0800251d   Thumb Code    26  stm32f10x_tim.o(i.TIM_OC4PreloadConfig)
    TIM_SetIC1Prescaler                      0x08002537   Thumb Code    18  stm32f10x_tim.o(i.TIM_SetIC1Prescaler)
    TIM_SetIC2Prescaler                      0x08002549   Thumb Code    26  stm32f10x_tim.o(i.TIM_SetIC2Prescaler)
    TIM_SetIC3Prescaler                      0x08002563   Thumb Code    18  stm32f10x_tim.o(i.TIM_SetIC3Prescaler)
    TIM_SetIC4Prescaler                      0x08002575   Thumb Code    26  stm32f10x_tim.o(i.TIM_SetIC4Prescaler)
    TIM_TimeBaseInit                         0x08002591   Thumb Code   122  stm32f10x_tim.o(i.TIM_TimeBaseInit)
    TIM_TimeBaseStructInit                   0x08002635   Thumb Code    18  stm32f10x_tim.o(i.TIM_TimeBaseStructInit)
    Turn_Off                                 0x08002649   Thumb Code    24  control.o(i.Turn_Off)
    USART3_IRQHandler                        0x08002665   Thumb Code   430  usart3.o(i.USART3_IRQHandler)
    USART_Cmd                                0x08002851   Thumb Code    24  stm32f10x_usart.o(i.USART_Cmd)
    USART_ITConfig                           0x08002869   Thumb Code    74  stm32f10x_usart.o(i.USART_ITConfig)
    USART_Init                               0x080028b5   Thumb Code   210  stm32f10x_usart.o(i.USART_Init)
    UsageFault_Handler                       0x0800298d   Thumb Code     4  stm32f10x_it.o(i.UsageFault_Handler)
    Xianfu_Pwm                               0x08002991   Thumb Code    98  control.o(i.Xianfu_Pwm)
    __ARM_fpclassify                         0x08002a01   Thumb Code    40  fpclassify.o(i.__ARM_fpclassify)
    __abs                                    0x08002a29   Thumb Code    14  control.o(i.__abs)
    __ieee754_rem_pio2                       0x08002a39   Thumb Code   828  rred.o(i.__ieee754_rem_pio2)
    __kernel_poly                            0x08002dc1   Thumb Code   170  poly.o(i.__kernel_poly)
    __kernel_tan                             0x08002e6d   Thumb Code   586  tan_i.o(i.__kernel_tan)
    __mathlib_dbl_divzero                    0x080030e9   Thumb Code    12  dunder.o(i.__mathlib_dbl_divzero)
    __mathlib_dbl_infnan                     0x080030f9   Thumb Code     6  dunder.o(i.__mathlib_dbl_infnan)
    __mathlib_dbl_infnan2                    0x080030ff   Thumb Code     4  dunder.o(i.__mathlib_dbl_infnan2)
    __mathlib_dbl_invalid                    0x08003103   Thumb Code    12  dunder.o(i.__mathlib_dbl_invalid)
    __mathlib_dbl_overflow                   0x0800310f   Thumb Code    14  dunder.o(i.__mathlib_dbl_overflow)
    __mathlib_dbl_underflow                  0x0800311d   Thumb Code    10  dunder.o(i.__mathlib_dbl_underflow)
    _sys_exit                                0x0800312d   Thumb Code     6  usart.o(i._sys_exit)
    control_return_to_show                   0x08003135   Thumb Code     4  encoder.o(i.control_return_to_show)
    delay_init                               0x0800313d   Thumb Code    56  delay.o(i.delay_init)
    delay_ms                                 0x0800317d   Thumb Code    56  delay.o(i.delay_ms)
    encoder_caculter                         0x080031b9   Thumb Code    36  encoder.o(i.encoder_caculter)
    fputc                                    0x080031e1   Thumb Code    60  usart.o(i.fputc)
    main                                     0x08003229   Thumb Code    94  main.o(i.main)
    oled_pow                                 0x0800328d   Thumb Code    22  oled.o(i.oled_pow)
    oled_show                                0x080032a3   Thumb Code    78  show.o(i.oled_show)
    pow                                      0x080032f1   Thumb Code  2512  pow.o(i.pow)
    resgister_event_handle                   0x08003cc9   Thumb Code    50  event_queue.o(i.resgister_event_handle)
    sqrt                                     0x08003d05   Thumb Code    76  sqrt.o(i.sqrt)
    tan                                      0x08003d51   Thumb Code    90  tan.o(i.tan)
    uart3_init                               0x08003db5   Thumb Code   158  usart3.o(i.uart3_init)
    __aeabi_d2f                              0x08003e5d   Thumb Code     0  d2f.o(x$fpl$d2f)
    _d2f                                     0x08003e5d   Thumb Code    98  d2f.o(x$fpl$d2f)
    __aeabi_dadd                             0x08003ec1   Thumb Code     0  daddsub_clz.o(x$fpl$dadd)
    _dadd                                    0x08003ec1   Thumb Code   332  daddsub_clz.o(x$fpl$dadd)
    __fpl_dcheck_NaN1                        0x08004011   Thumb Code    10  dcheck1.o(x$fpl$dcheck1)
    __fpl_dcmp_Inf                           0x08004021   Thumb Code    24  dcmpi.o(x$fpl$dcmpinf)
    __aeabi_ddiv                             0x08004039   Thumb Code     0  ddiv.o(x$fpl$ddiv)
    _ddiv                                    0x08004039   Thumb Code   552  ddiv.o(x$fpl$ddiv)
    __aeabi_d2iz                             0x080042e9   Thumb Code     0  dfix.o(x$fpl$dfix)
    _dfix                                    0x080042e9   Thumb Code    94  dfix.o(x$fpl$dfix)
    __aeabi_i2d                              0x08004347   Thumb Code     0  dflt_clz.o(x$fpl$dflt)
    _dflt                                    0x08004347   Thumb Code    46  dflt_clz.o(x$fpl$dflt)
    __aeabi_ui2d                             0x08004375   Thumb Code     0  dflt_clz.o(x$fpl$dfltu)
    _dfltu                                   0x08004375   Thumb Code    38  dflt_clz.o(x$fpl$dfltu)
    __aeabi_cdcmple                          0x0800439d   Thumb Code     0  dleqf.o(x$fpl$dleqf)
    _dcmple                                  0x0800439d   Thumb Code   120  dleqf.o(x$fpl$dleqf)
    __fpl_dcmple_InfNaN                      0x080043ff   Thumb Code     0  dleqf.o(x$fpl$dleqf)
    __aeabi_dmul                             0x08004415   Thumb Code     0  dmul.o(x$fpl$dmul)
    _dmul                                    0x08004415   Thumb Code   332  dmul.o(x$fpl$dmul)
    __fpl_dnaninf                            0x08004569   Thumb Code   156  dnaninf.o(x$fpl$dnaninf)
    __fpl_dretinf                            0x08004605   Thumb Code    12  dretinf.o(x$fpl$dretinf)
    __aeabi_cdrcmple                         0x08004611   Thumb Code     0  drleqf.o(x$fpl$drleqf)
    _drcmple                                 0x08004611   Thumb Code   108  drleqf.o(x$fpl$drleqf)
    __aeabi_drsub                            0x0800467d   Thumb Code     0  daddsub_clz.o(x$fpl$drsb)
    _drsb                                    0x0800467d   Thumb Code    22  daddsub_clz.o(x$fpl$drsb)
    _dsqrt                                   0x08004695   Thumb Code   456  dsqrt_noumaal.o(x$fpl$dsqrt)
    __aeabi_dsub                             0x08004861   Thumb Code     0  daddsub_clz.o(x$fpl$dsub)
    _dsub                                    0x08004861   Thumb Code   464  daddsub_clz.o(x$fpl$dsub)
    __aeabi_f2d                              0x08004a35   Thumb Code     0  f2d.o(x$fpl$f2d)
    _f2d                                     0x08004a35   Thumb Code    86  f2d.o(x$fpl$f2d)
    __aeabi_fadd                             0x08004a8d   Thumb Code     0  faddsub_clz.o(x$fpl$fadd)
    _fadd                                    0x08004a8d   Thumb Code   196  faddsub_clz.o(x$fpl$fadd)
    __fpl_fcmp_Inf                           0x08004b51   Thumb Code    24  fcmpi.o(x$fpl$fcmpinf)
    __aeabi_fdiv                             0x08004b69   Thumb Code     0  fdiv.o(x$fpl$fdiv)
    _fdiv                                    0x08004b69   Thumb Code   384  fdiv.o(x$fpl$fdiv)
    __aeabi_f2iz                             0x08004ced   Thumb Code     0  ffix.o(x$fpl$ffix)
    _ffix                                    0x08004ced   Thumb Code    54  ffix.o(x$fpl$ffix)
    __aeabi_f2uiz                            0x08004d25   Thumb Code     0  ffixu.o(x$fpl$ffixu)
    _ffixu                                   0x08004d25   Thumb Code    62  ffixu.o(x$fpl$ffixu)
    __aeabi_i2f                              0x08004d65   Thumb Code     0  fflt_clz.o(x$fpl$fflt)
    _fflt                                    0x08004d65   Thumb Code    48  fflt_clz.o(x$fpl$fflt)
    __aeabi_ui2f                             0x08004d95   Thumb Code     0  fflt_clz.o(x$fpl$ffltu)
    _ffltu                                   0x08004d95   Thumb Code    38  fflt_clz.o(x$fpl$ffltu)
    __aeabi_cfcmple                          0x08004dbd   Thumb Code     0  fleqf.o(x$fpl$fleqf)
    _fcmple                                  0x08004dbd   Thumb Code   104  fleqf.o(x$fpl$fleqf)
    __fpl_fcmple_InfNaN                      0x08004e0f   Thumb Code     0  fleqf.o(x$fpl$fleqf)
    __aeabi_fmul                             0x08004e25   Thumb Code     0  fmul.o(x$fpl$fmul)
    _fmul                                    0x08004e25   Thumb Code   258  fmul.o(x$fpl$fmul)
    __fpl_fnaninf                            0x08004f27   Thumb Code   140  fnaninf.o(x$fpl$fnaninf)
    __fpl_fretinf                            0x08004fb3   Thumb Code    10  fretinf.o(x$fpl$fretinf)
    __aeabi_cfrcmple                         0x08004fbd   Thumb Code     0  frleqf.o(x$fpl$frleqf)
    _frcmple                                 0x08004fbd   Thumb Code    98  frleqf.o(x$fpl$frleqf)
    __aeabi_fsub                             0x08005021   Thumb Code     0  faddsub_clz.o(x$fpl$fsub)
    _fsub                                    0x08005021   Thumb Code   234  faddsub_clz.o(x$fpl$fsub)
    __fpl_return_NaN                         0x0800510b   Thumb Code   100  retnan.o(x$fpl$retnan)
    __ARM_scalbn                             0x0800516f   Thumb Code    92  scalbn.o(x$fpl$scalbn)
    __fpl_cmpreturn                          0x080051cb   Thumb Code    48  trapv.o(x$fpl$trapveneer)
    __I$use$fp                               0x080051fa   Number         0  usenofp.o(x$fpl$usenofp)
    oled_asc2_1206                           0x080051fa   Data        1140  oled.o(.constdata)
    oled_asc2_1608                           0x0800566e   Data        1520  oled.o(.constdata)
    __mathlib_zero                           0x08005ce8   Data           8  qnan.o(.constdata)
    Region$$Table$$Base                      0x08005e18   Number         0  anon$$obj.o(Region$$Table)
    Region$$Table$$Limit                     0x08005e38   Number         0  anon$$obj.o(Region$$Table)
    Flag_Way                                 0x20000000   Data           1  main.o(.data)
    Flag_Show                                0x20000001   Data           1  main.o(.data)
    Flag_Stop                                0x20000002   Data           1  main.o(.data)
    Flag_Next                                0x20000003   Data           1  main.o(.data)
    Encoder_Left                             0x20000004   Data           4  main.o(.data)
    Encoder_Right                            0x20000008   Data           4  main.o(.data)
    Encoder_A_EXTI                           0x2000000c   Data           4  main.o(.data)
    Flag_Direction                           0x20000010   Data           4  main.o(.data)
    Encoder_Temp                             0x20000014   Data           4  main.o(.data)
    Velocity                                 0x20000018   Data           4  main.o(.data)
    Velocity_Set                             0x2000001c   Data           4  main.o(.data)
    Angle                                    0x20000020   Data           4  main.o(.data)
    Angle_Set                                0x20000024   Data           4  main.o(.data)
    Motor_A                                  0x20000028   Data           4  main.o(.data)
    Motor_B                                  0x2000002c   Data           4  main.o(.data)
    Servo                                    0x20000030   Data           4  main.o(.data)
    Target_A                                 0x20000034   Data           4  main.o(.data)
    Target_B                                 0x20000038   Data           4  main.o(.data)
    Voltage                                  0x2000003c   Data           4  main.o(.data)
    Show_Data_Mb                             0x20000040   Data           4  main.o(.data)
    delay_50                                 0x20000044   Data           1  main.o(.data)
    delay_flag                               0x20000045   Data           1  main.o(.data)
    Velocity_KP                              0x20000048   Data           4  main.o(.data)
    Velocity_KI                              0x2000004c   Data           4  main.o(.data)
    PS2_LX                                   0x20000050   Data           4  main.o(.data)
    PS2_LY                                   0x20000054   Data           4  main.o(.data)
    PS2_RX                                   0x20000058   Data           4  main.o(.data)
    PS2_RY                                   0x2000005c   Data           4  main.o(.data)
    PS2_KEY                                  0x20000060   Data           4  main.o(.data)
    Bluetooth_Velocity                       0x20000064   Data           1  main.o(.data)
    APP_RX                                   0x20000065   Data           1  main.o(.data)
    CCD_Zhongzhi                             0x20000066   Data           1  main.o(.data)
    CCD_Yuzhi                                0x20000067   Data           1  main.o(.data)
    PID_Send                                 0x20000068   Data           1  main.o(.data)
    Flash_Send                               0x20000069   Data           1  main.o(.data)
    Sensor_Left                              0x2000006c   Data           4  main.o(.data)
    Sensor_Middle                            0x20000070   Data           4  main.o(.data)
    Sensor_Right                             0x20000074   Data           4  main.o(.data)
    Sensor                                   0x20000078   Data           4  main.o(.data)
    Dis_Arrive_Flag                          0x2000007c   Data           1  main.o(.data)
    CAR_Run_Flag                             0x2000007d   Data           1  main.o(.data)
    Dis_PID_Flag                             0x2000007e   Data           1  main.o(.data)
    Yaw_PID_Flag                             0x2000007f   Data           1  main.o(.data)
    CAR_Velocity                             0x20000080   Data           4  main.o(.data)
    CAR_Yaw                                  0x20000084   Data           4  main.o(.data)
    CAR_Distance                             0x20000088   Data           4  main.o(.data)
    __stdout                                 0x200000a4   Data           4  usart.o(.data)
    Usart3_Receive                           0x200000ac   Data           1  usart3.o(.data)
    Flag_Target                              0x200000b4   Data           1  control.o(.data)
    Voltage_Temp                             0x200000b8   Data           4  control.o(.data)
    Voltage_Count                            0x200000bc   Data           4  control.o(.data)
    Voltage_All                              0x200000c0   Data           4  control.o(.data)
    sum                                      0x200000c4   Data           4  control.o(.data)
    flag                                     0x200000c8   Data           4  control.o(.data)
    i                                        0x200000f4   Data           1  show.o(.data)
    Send_Count                               0x200000f5   Data           1  show.o(.data)
    Vol                                      0x200000f8   Data           4  show.o(.data)
    Event_HandlerCnt                         0x200000fd   Data           1  event_queue.o(.data)
    encoder_glable                           0x20000100   Data          28  encoder.o(.bss)
    hanshuzhizhenshuzu                       0x2000011c   Data          40  encoder.o(.bss)
    OLED_GRAM                                0x20000144   Data        1024  oled.o(.bss)
    Event_HandlerList                        0x20000578   Data         400  event_queue.o(.bss)
    __libspace_start                         0x20000708   Data          96  libspace.o(.bss)
    __temporary_stack_top$libspace           0x20000768   Data           0  libspace.o(.bss)



==============================================================================

Memory Map of the image

  Image Entry point : 0x08000131

  Load Region LR_IROM1 (Base: 0x08000000, Size: 0x00005f38, Max: 0x00010000, ABSOLUTE)

    Execution Region ER_IROM1 (Exec base: 0x08000000, Load base: 0x08000000, Size: 0x00005e38, Max: 0x00010000, ABSOLUTE)

    Exec Addr    Load Addr    Size         Type   Attr      Idx    E Section Name        Object

    0x08000000   0x08000000   0x00000130   Data   RO           19    RESET               startup_stm32f10x_hd.o
    0x08000130   0x08000130   0x00000008   Code   RO         4026  * !!!main             c_w.l(__main.o)
    0x08000138   0x08000138   0x00000034   Code   RO         4340    !!!scatter          c_w.l(__scatter.o)
    0x0800016c   0x0800016c   0x0000001a   Code   RO         4342    !!handler_copy      c_w.l(__scatter_copy.o)
    0x08000186   0x08000186   0x00000002   PAD
    0x08000188   0x08000188   0x0000001c   Code   RO         4344    !!handler_zi        c_w.l(__scatter_zi.o)
    0x080001a4   0x080001a4   0x00000000   Code   RO         4019    .ARM.Collect$$_printf_percent$$00000000  c_w.l(_printf_percent.o)
    0x080001a4   0x080001a4   0x00000006   Code   RO         4018    .ARM.Collect$$_printf_percent$$00000009  c_w.l(_printf_d.o)
    0x080001aa   0x080001aa   0x00000004   Code   RO         4111    .ARM.Collect$$_printf_percent$$00000017  c_w.l(_printf_percent_end.o)
    0x080001ae   0x080001ae   0x00000002   Code   RO         4211    .ARM.Collect$$libinit$$00000000  c_w.l(libinit.o)
    0x080001b0   0x080001b0   0x00000000   Code   RO         4219    .ARM.Collect$$libinit$$00000002  c_w.l(libinit2.o)
    0x080001b0   0x080001b0   0x00000000   Code   RO         4221    .ARM.Collect$$libinit$$00000004  c_w.l(libinit2.o)
    0x080001b0   0x080001b0   0x00000000   Code   RO         4224    .ARM.Collect$$libinit$$0000000A  c_w.l(libinit2.o)
    0x080001b0   0x080001b0   0x00000000   Code   RO         4226    .ARM.Collect$$libinit$$0000000C  c_w.l(libinit2.o)
    0x080001b0   0x080001b0   0x00000000   Code   RO         4228    .ARM.Collect$$libinit$$0000000E  c_w.l(libinit2.o)
    0x080001b0   0x080001b0   0x00000000   Code   RO         4231    .ARM.Collect$$libinit$$00000011  c_w.l(libinit2.o)
    0x080001b0   0x080001b0   0x00000000   Code   RO         4233    .ARM.Collect$$libinit$$00000013  c_w.l(libinit2.o)
    0x080001b0   0x080001b0   0x00000000   Code   RO         4235    .ARM.Collect$$libinit$$00000015  c_w.l(libinit2.o)
    0x080001b0   0x080001b0   0x00000000   Code   RO         4237    .ARM.Collect$$libinit$$00000017  c_w.l(libinit2.o)
    0x080001b0   0x080001b0   0x00000000   Code   RO         4239    .ARM.Collect$$libinit$$00000019  c_w.l(libinit2.o)
    0x080001b0   0x080001b0   0x00000000   Code   RO         4241    .ARM.Collect$$libinit$$0000001B  c_w.l(libinit2.o)
    0x080001b0   0x080001b0   0x00000000   Code   RO         4243    .ARM.Collect$$libinit$$0000001D  c_w.l(libinit2.o)
    0x080001b0   0x080001b0   0x00000000   Code   RO         4245    .ARM.Collect$$libinit$$0000001F  c_w.l(libinit2.o)
    0x080001b0   0x080001b0   0x00000000   Code   RO         4247    .ARM.Collect$$libinit$$00000021  c_w.l(libinit2.o)
    0x080001b0   0x080001b0   0x00000000   Code   RO         4249    .ARM.Collect$$libinit$$00000023  c_w.l(libinit2.o)
    0x080001b0   0x080001b0   0x00000000   Code   RO         4251    .ARM.Collect$$libinit$$00000025  c_w.l(libinit2.o)
    0x080001b0   0x080001b0   0x00000000   Code   RO         4255    .ARM.Collect$$libinit$$0000002C  c_w.l(libinit2.o)
    0x080001b0   0x080001b0   0x00000000   Code   RO         4257    .ARM.Collect$$libinit$$0000002E  c_w.l(libinit2.o)
    0x080001b0   0x080001b0   0x00000000   Code   RO         4259    .ARM.Collect$$libinit$$00000030  c_w.l(libinit2.o)
    0x080001b0   0x080001b0   0x00000000   Code   RO         4261    .ARM.Collect$$libinit$$00000032  c_w.l(libinit2.o)
    0x080001b0   0x080001b0   0x00000002   Code   RO         4262    .ARM.Collect$$libinit$$00000033  c_w.l(libinit2.o)
    0x080001b2   0x080001b2   0x00000002   Code   RO         4282    .ARM.Collect$$libshutdown$$00000000  c_w.l(libshutdown.o)
    0x080001b4   0x080001b4   0x00000000   Code   RO         4292    .ARM.Collect$$libshutdown$$00000002  c_w.l(libshutdown2.o)
    0x080001b4   0x080001b4   0x00000000   Code   RO         4294    .ARM.Collect$$libshutdown$$00000004  c_w.l(libshutdown2.o)
    0x080001b4   0x080001b4   0x00000000   Code   RO         4297    .ARM.Collect$$libshutdown$$00000007  c_w.l(libshutdown2.o)
    0x080001b4   0x080001b4   0x00000000   Code   RO         4300    .ARM.Collect$$libshutdown$$0000000A  c_w.l(libshutdown2.o)
    0x080001b4   0x080001b4   0x00000000   Code   RO         4302    .ARM.Collect$$libshutdown$$0000000C  c_w.l(libshutdown2.o)
    0x080001b4   0x080001b4   0x00000000   Code   RO         4305    .ARM.Collect$$libshutdown$$0000000F  c_w.l(libshutdown2.o)
    0x080001b4   0x080001b4   0x00000002   Code   RO         4306    .ARM.Collect$$libshutdown$$00000010  c_w.l(libshutdown2.o)
    0x080001b6   0x080001b6   0x00000000   Code   RO         4104    .ARM.Collect$$rtentry$$00000000  c_w.l(__rtentry.o)
    0x080001b6   0x080001b6   0x00000000   Code   RO         4166    .ARM.Collect$$rtentry$$00000002  c_w.l(__rtentry2.o)
    0x080001b6   0x080001b6   0x00000006   Code   RO         4178    .ARM.Collect$$rtentry$$00000004  c_w.l(__rtentry4.o)
    0x080001bc   0x080001bc   0x00000000   Code   RO         4168    .ARM.Collect$$rtentry$$00000009  c_w.l(__rtentry2.o)
    0x080001bc   0x080001bc   0x00000004   Code   RO         4169    .ARM.Collect$$rtentry$$0000000A  c_w.l(__rtentry2.o)
    0x080001c0   0x080001c0   0x00000000   Code   RO         4171    .ARM.Collect$$rtentry$$0000000C  c_w.l(__rtentry2.o)
    0x080001c0   0x080001c0   0x00000008   Code   RO         4172    .ARM.Collect$$rtentry$$0000000D  c_w.l(__rtentry2.o)
    0x080001c8   0x080001c8   0x00000002   Code   RO         4216    .ARM.Collect$$rtexit$$00000000  c_w.l(rtexit.o)
    0x080001ca   0x080001ca   0x00000000   Code   RO         4266    .ARM.Collect$$rtexit$$00000002  c_w.l(rtexit2.o)
    0x080001ca   0x080001ca   0x00000004   Code   RO         4267    .ARM.Collect$$rtexit$$00000003  c_w.l(rtexit2.o)
    0x080001ce   0x080001ce   0x00000006   Code   RO         4268    .ARM.Collect$$rtexit$$00000004  c_w.l(rtexit2.o)
    0x080001d4   0x080001d4   0x00000040   Code   RO           20    .text               startup_stm32f10x_hd.o
    0x08000214   0x08000214   0x00000002   Code   RO         3988    .text               c_w.l(use_no_semi_2.o)
    0x08000216   0x08000216   0x00000002   PAD
    0x08000218   0x08000218   0x00000018   Code   RO         3992    .text               c_w.l(noretval__2printf.o)
    0x08000230   0x08000230   0x00000068   Code   RO         3994    .text               c_w.l(__printf.o)
    0x08000298   0x08000298   0x00000078   Code   RO         3996    .text               c_w.l(_printf_dec.o)
    0x08000310   0x08000310   0x00000044   Code   RO         4020    .text               c_w.l(rt_memclr.o)
    0x08000354   0x08000354   0x0000004e   Code   RO         4022    .text               c_w.l(rt_memclr_w.o)
    0x080003a2   0x080003a2   0x00000006   Code   RO         4024    .text               c_w.l(heapauxi.o)
    0x080003a8   0x080003a8   0x00000002   Code   RO         4102    .text               c_w.l(use_no_semi.o)
    0x080003aa   0x080003aa   0x00000016   Code   RO         4105    .text               c_w.l(_rserrno.o)
    0x080003c0   0x080003c0   0x000000b2   Code   RO         4107    .text               c_w.l(_printf_intcommon.o)
    0x08000472   0x08000472   0x00000002   PAD
    0x08000474   0x08000474   0x00000024   Code   RO         4109    .text               c_w.l(_printf_char_file.o)
    0x08000498   0x08000498   0x00000008   Code   RO         4183    .text               c_w.l(rt_errno_addr_intlibspace.o)
    0x080004a0   0x080004a0   0x00000030   Code   RO         4185    .text               c_w.l(_printf_char_common.o)
    0x080004d0   0x080004d0   0x00000008   Code   RO         4187    .text               c_w.l(ferror.o)
    0x080004d8   0x080004d8   0x00000008   Code   RO         4197    .text               c_w.l(libspace.o)
    0x080004e0   0x080004e0   0x0000004a   Code   RO         4200    .text               c_w.l(sys_stackheap_outer.o)
    0x0800052a   0x0800052a   0x00000012   Code   RO         4204    .text               c_w.l(exit.o)
    0x0800053c   0x0800053c   0x00000016   Code   RO          347    i.ADC_Cmd           stm32f10x_adc.o
    0x08000552   0x08000552   0x00000002   PAD
    0x08000554   0x08000554   0x0000005c   Code   RO          349    i.ADC_DeInit        stm32f10x_adc.o
    0x080005b0   0x080005b0   0x00000014   Code   RO          355    i.ADC_GetCalibrationStatus  stm32f10x_adc.o
    0x080005c4   0x080005c4   0x00000008   Code   RO          356    i.ADC_GetConversionValue  stm32f10x_adc.o
    0x080005cc   0x080005cc   0x00000012   Code   RO          358    i.ADC_GetFlagStatus  stm32f10x_adc.o
    0x080005de   0x080005de   0x00000014   Code   RO          361    i.ADC_GetResetCalibrationStatus  stm32f10x_adc.o
    0x080005f2   0x080005f2   0x00000002   PAD
    0x080005f4   0x080005f4   0x00000050   Code   RO          365    i.ADC_Init          stm32f10x_adc.o
    0x08000644   0x08000644   0x000000b8   Code   RO          369    i.ADC_RegularChannelConfig  stm32f10x_adc.o
    0x080006fc   0x080006fc   0x0000000a   Code   RO          370    i.ADC_ResetCalibration  stm32f10x_adc.o
    0x08000706   0x08000706   0x00000016   Code   RO          372    i.ADC_SoftwareStartConvCmd  stm32f10x_adc.o
    0x0800071c   0x0800071c   0x0000000a   Code   RO          374    i.ADC_StartCalibration  stm32f10x_adc.o
    0x08000726   0x08000726   0x00000002   PAD
    0x08000728   0x08000728   0x00000188   Code   RO         3905    i.APP_Show          show.o
    0x080008b0   0x080008b0   0x0000008c   Code   RO         3393    i.Adc_Init          adc.o
    0x0800093c   0x0800093c   0x00000016   Code   RO         3760    i.Amplitude_Limiting  control.o
    0x08000952   0x08000952   0x00000004   Code   RO          182    i.BusFault_Handler  stm32f10x_it.o
    0x08000956   0x08000956   0x00000002   PAD
    0x08000958   0x08000958   0x0000003c   Code   RO         3761    i.CAR_Breaking      control.o
    0x08000994   0x08000994   0x00000044   Code   RO         3762    i.CAR_Dis           control.o
    0x080009d8   0x080009d8   0x00000002   Code   RO          183    i.DebugMon_Handler  stm32f10x_it.o
    0x080009da   0x080009da   0x00000002   PAD
    0x080009dc   0x080009dc   0x0000007c   Code   RO         3764    i.Distance_PID      control.o
    0x08000a58   0x08000a58   0x00000024   Code   RO         3512    i.EXTI9_5_IRQHandler  exti.o
    0x08000a7c   0x08000a7c   0x00000052   Code   RO         3513    i.EXTIX_Init        exti.o
    0x08000ace   0x08000ace   0x00000002   PAD
    0x08000ad0   0x08000ad0   0x0000000c   Code   RO         1103    i.EXTI_ClearITPendingBit  stm32f10x_exti.o
    0x08000adc   0x08000adc   0x00000094   Code   RO         1108    i.EXTI_Init         stm32f10x_exti.o
    0x08000b70   0x08000b70   0x000000b0   Code   RO         3451    i.Encoder_Init_TIM2  encoder.o
    0x08000c20   0x08000c20   0x000000b0   Code   RO         3452    i.Encoder_Init_TIM3  encoder.o
    0x08000cd0   0x08000cd0   0x00000040   Code   RO         1453    i.GPIO_EXTILineConfig  stm32f10x_gpio.o
    0x08000d10   0x08000d10   0x00000116   Code   RO         1456    i.GPIO_Init         stm32f10x_gpio.o
    0x08000e26   0x08000e26   0x00000004   Code   RO         1464    i.GPIO_SetBits      stm32f10x_gpio.o
    0x08000e2a   0x08000e2a   0x00000002   PAD
    0x08000e2c   0x08000e2c   0x00000034   Code   RO         3396    i.Get_Adc           adc.o
    0x08000e60   0x08000e60   0x000001a8   Code   RO         3765    i.Get_RC            control.o
    0x08001008   0x08001008   0x00000060   Code   RO         3397    i.Get_battery_volt  adc.o
    0x08001068   0x08001068   0x00000004   Code   RO          184    i.HardFault_Handler  stm32f10x_it.o
    0x0800106c   0x0800106c   0x00000088   Code   RO         3766    i.Incremental_PI_A  control.o
    0x080010f4   0x080010f4   0x00000088   Code   RO         3767    i.Incremental_PI_B  control.o
    0x0800117c   0x0800117c   0x00000030   Code   RO         3309    i.JTAG_Set          sys.o
    0x080011ac   0x080011ac   0x00000038   Code   RO         3537    i.KEY_Init          key.o
    0x080011e4   0x080011e4   0x0000010c   Code   RO         3769    i.Kinematic_Analysis  control.o
    0x080012f0   0x080012f0   0x00000030   Code   RO         3587    i.LED_Init          led.o
    0x08001320   0x08001320   0x00000010   Code   RO         3538    i.LED_ON            key.o
    0x08001330   0x08001330   0x00000038   Code   RO         3588    i.Led_Flash         led.o
    0x08001368   0x08001368   0x00000020   Code   RO         3610    i.MOTOR_Release     moto.o
    0x08001388   0x08001388   0x00000004   Code   RO          185    i.MemManage_Handler  stm32f10x_it.o
    0x0800138c   0x0800138c   0x00000104   Code   RO         3611    i.Motor_PWM_Init    moto.o
    0x08001490   0x08001490   0x00000002   Code   RO          186    i.NMI_Handler       stm32f10x_it.o
    0x08001492   0x08001492   0x00000002   PAD
    0x08001494   0x08001494   0x00000070   Code   RO          305    i.NVIC_Init         misc.o
    0x08001504   0x08001504   0x00000014   Code   RO          306    i.NVIC_PriorityGroupConfig  misc.o
    0x08001518   0x08001518   0x00000030   Code   RO         3638    i.OLED_Clear        oled.o
    0x08001548   0x08001548   0x00000068   Code   RO         3641    i.OLED_DrawPoint    oled.o
    0x080015b0   0x080015b0   0x00000130   Code   RO         3642    i.OLED_Init         oled.o
    0x080016e0   0x080016e0   0x0000004c   Code   RO         3643    i.OLED_Refresh_Gram  oled.o
    0x0800172c   0x0800172c   0x000000a8   Code   RO         3644    i.OLED_ShowChar     oled.o
    0x080017d4   0x080017d4   0x00000094   Code   RO         3645    i.OLED_ShowNumber   oled.o
    0x08001868   0x08001868   0x00000058   Code   RO         3647    i.OLED_WR_Byte      oled.o
    0x080018c0   0x080018c0   0x00000002   Code   RO          187    i.PendSV_Handler    stm32f10x_it.o
    0x080018c2   0x080018c2   0x00000002   PAD
    0x080018c4   0x080018c4   0x00000018   Code   RO         1870    i.RCC_ADCCLKConfig  stm32f10x_rcc.o
    0x080018dc   0x080018dc   0x00000020   Code   RO         1872    i.RCC_APB1PeriphClockCmd  stm32f10x_rcc.o
    0x080018fc   0x080018fc   0x00000020   Code   RO         1874    i.RCC_APB2PeriphClockCmd  stm32f10x_rcc.o
    0x0800191c   0x0800191c   0x00000020   Code   RO         1875    i.RCC_APB2PeriphResetCmd  stm32f10x_rcc.o
    0x0800193c   0x0800193c   0x000000d4   Code   RO         1882    i.RCC_GetClocksFreq  stm32f10x_rcc.o
    0x08001a10   0x08001a10   0x00000050   Code   RO         3453    i.Read_Encoder      encoder.o
    0x08001a60   0x08001a60   0x00000002   Code   RO          188    i.SVC_Handler       stm32f10x_it.o
    0x08001a62   0x08001a62   0x00000002   PAD
    0x08001a64   0x08001a64   0x000000c8   Code   RO         3612    i.Servo_PWM_Init    moto.o
    0x08001b2c   0x08001b2c   0x00000008   Code   RO          271    i.SetSysClock       system_stm32f10x.o
    0x08001b34   0x08001b34   0x000000e0   Code   RO          272    i.SetSysClockTo72   system_stm32f10x.o
    0x08001c14   0x08001c14   0x0000007c   Code   RO         3770    i.Set_Pwm           control.o
    0x08001c90   0x08001c90   0x00000002   Code   RO          189    i.SysTick_Handler   stm32f10x_it.o
    0x08001c92   0x08001c92   0x00000002   PAD
    0x08001c94   0x08001c94   0x00000060   Code   RO          274    i.SystemInit        system_stm32f10x.o
    0x08001cf4   0x08001cf4   0x00000080   Code   RO         2490    i.TI1_Config        stm32f10x_tim.o
    0x08001d74   0x08001d74   0x00000098   Code   RO         2491    i.TI2_Config        stm32f10x_tim.o
    0x08001e0c   0x08001e0c   0x00000090   Code   RO         2492    i.TI3_Config        stm32f10x_tim.o
    0x08001e9c   0x08001e9c   0x00000098   Code   RO         2493    i.TI4_Config        stm32f10x_tim.o
    0x08001f34   0x08001f34   0x000001a0   Code   RO         3771    i.TIM1_UP_IRQHandler  control.o
    0x080020d4   0x080020d4   0x00000014   Code   RO         3454    i.TIM2_IRQHandler   encoder.o
    0x080020e8   0x080020e8   0x00000018   Code   RO         3455    i.TIM3_IRQHandler   encoder.o
    0x08002100   0x08002100   0x00000018   Code   RO         2494    i.TIM_ARRPreloadConfig  stm32f10x_tim.o
    0x08002118   0x08002118   0x00000006   Code   RO         2500    i.TIM_ClearFlag     stm32f10x_tim.o
    0x0800211e   0x0800211e   0x00000006   Code   RO         2501    i.TIM_ClearITPendingBit  stm32f10x_tim.o
    0x08002124   0x08002124   0x00000018   Code   RO         2506    i.TIM_Cmd           stm32f10x_tim.o
    0x0800213c   0x0800213c   0x0000001e   Code   RO         2508    i.TIM_CtrlPWMOutputs  stm32f10x_tim.o
    0x0800215a   0x0800215a   0x00000042   Code   RO         2515    i.TIM_EncoderInterfaceConfig  stm32f10x_tim.o
    0x0800219c   0x0800219c   0x00000012   Code   RO         2526    i.TIM_GetFlagStatus  stm32f10x_tim.o
    0x080021ae   0x080021ae   0x00000002   PAD
    0x080021b0   0x080021b0   0x000000ac   Code   RO         2529    i.TIM_ICInit        stm32f10x_tim.o
    0x0800225c   0x0800225c   0x00000012   Code   RO         2530    i.TIM_ICStructInit  stm32f10x_tim.o
    0x0800226e   0x0800226e   0x00000012   Code   RO         2531    i.TIM_ITConfig      stm32f10x_tim.o
    0x08002280   0x08002280   0x00000098   Code   RO         2535    i.TIM_OC1Init       stm32f10x_tim.o
    0x08002318   0x08002318   0x00000012   Code   RO         2538    i.TIM_OC1PreloadConfig  stm32f10x_tim.o
    0x0800232a   0x0800232a   0x00000002   PAD
    0x0800232c   0x0800232c   0x000000a4   Code   RO         2540    i.TIM_OC2Init       stm32f10x_tim.o
    0x080023d0   0x080023d0   0x0000001a   Code   RO         2543    i.TIM_OC2PreloadConfig  stm32f10x_tim.o
    0x080023ea   0x080023ea   0x00000002   PAD
    0x080023ec   0x080023ec   0x000000a0   Code   RO         2545    i.TIM_OC3Init       stm32f10x_tim.o
    0x0800248c   0x0800248c   0x00000012   Code   RO         2548    i.TIM_OC3PreloadConfig  stm32f10x_tim.o
    0x0800249e   0x0800249e   0x00000002   PAD
    0x080024a0   0x080024a0   0x0000007c   Code   RO         2550    i.TIM_OC4Init       stm32f10x_tim.o
    0x0800251c   0x0800251c   0x0000001a   Code   RO         2552    i.TIM_OC4PreloadConfig  stm32f10x_tim.o
    0x08002536   0x08002536   0x00000012   Code   RO         2572    i.TIM_SetIC1Prescaler  stm32f10x_tim.o
    0x08002548   0x08002548   0x0000001a   Code   RO         2573    i.TIM_SetIC2Prescaler  stm32f10x_tim.o
    0x08002562   0x08002562   0x00000012   Code   RO         2574    i.TIM_SetIC3Prescaler  stm32f10x_tim.o
    0x08002574   0x08002574   0x0000001a   Code   RO         2575    i.TIM_SetIC4Prescaler  stm32f10x_tim.o
    0x0800258e   0x0800258e   0x00000002   PAD
    0x08002590   0x08002590   0x000000a4   Code   RO         2577    i.TIM_TimeBaseInit  stm32f10x_tim.o
    0x08002634   0x08002634   0x00000012   Code   RO         2578    i.TIM_TimeBaseStructInit  stm32f10x_tim.o
    0x08002646   0x08002646   0x00000002   PAD
    0x08002648   0x08002648   0x0000001c   Code   RO         3772    i.Turn_Off          control.o
    0x08002664   0x08002664   0x000001ec   Code   RO         3731    i.USART3_IRQHandler  usart3.o
    0x08002850   0x08002850   0x00000018   Code   RO         3042    i.USART_Cmd         stm32f10x_usart.o
    0x08002868   0x08002868   0x0000004a   Code   RO         3048    i.USART_ITConfig    stm32f10x_usart.o
    0x080028b2   0x080028b2   0x00000002   PAD
    0x080028b4   0x080028b4   0x000000d8   Code   RO         3049    i.USART_Init        stm32f10x_usart.o
    0x0800298c   0x0800298c   0x00000004   Code   RO          190    i.UsageFault_Handler  stm32f10x_it.o
    0x08002990   0x08002990   0x00000070   Code   RO         3773    i.Xianfu_Pwm        control.o
    0x08002a00   0x08002a00   0x00000028   Code   RO         4141    i.__ARM_fpclassify  m_ws.l(fpclassify.o)
    0x08002a28   0x08002a28   0x0000000e   Code   RO         3774    i.__abs             control.o
    0x08002a36   0x08002a36   0x00000002   PAD
    0x08002a38   0x08002a38   0x00000388   Code   RO         4146    i.__ieee754_rem_pio2  m_ws.l(rred.o)
    0x08002dc0   0x08002dc0   0x000000aa   Code   RO         4143    i.__kernel_poly     m_ws.l(poly.o)
    0x08002e6a   0x08002e6a   0x00000002   PAD
    0x08002e6c   0x08002e6c   0x0000027c   Code   RO         4159    i.__kernel_tan      m_ws.l(tan_i.o)
    0x080030e8   0x080030e8   0x00000010   Code   RO         4127    i.__mathlib_dbl_divzero  m_ws.l(dunder.o)
    0x080030f8   0x080030f8   0x00000006   Code   RO         4128    i.__mathlib_dbl_infnan  m_ws.l(dunder.o)
    0x080030fe   0x080030fe   0x00000004   Code   RO         4129    i.__mathlib_dbl_infnan2  m_ws.l(dunder.o)
    0x08003102   0x08003102   0x0000000c   Code   RO         4130    i.__mathlib_dbl_invalid  m_ws.l(dunder.o)
    0x0800310e   0x0800310e   0x0000000e   Code   RO         4131    i.__mathlib_dbl_overflow  m_ws.l(dunder.o)
    0x0800311c   0x0800311c   0x00000010   Code   RO         4133    i.__mathlib_dbl_underflow  m_ws.l(dunder.o)
    0x0800312c   0x0800312c   0x00000006   Code   RO         3350    i._sys_exit         usart.o
    0x08003132   0x08003132   0x00000002   PAD
    0x08003134   0x08003134   0x00000008   Code   RO         3457    i.control_return_to_show  encoder.o
    0x0800313c   0x0800313c   0x00000040   Code   RO         3272    i.delay_init        delay.o
    0x0800317c   0x0800317c   0x0000003c   Code   RO         3273    i.delay_ms          delay.o
    0x080031b8   0x080031b8   0x00000028   Code   RO         3458    i.encoder_caculter  encoder.o
    0x080031e0   0x080031e0   0x00000048   Code   RO         3351    i.fputc             usart.o
    0x08003228   0x08003228   0x00000064   Code   RO           24    i.main              main.o
    0x0800328c   0x0800328c   0x00000016   Code   RO         3648    i.oled_pow          oled.o
    0x080032a2   0x080032a2   0x0000004e   Code   RO         3909    i.oled_show         show.o
    0x080032f0   0x080032f0   0x000009d8   Code   RO         4085    i.pow               m_ws.l(pow.o)
    0x08003cc8   0x08003cc8   0x0000003c   Code   RO         3956    i.resgister_event_handle  event_queue.o
    0x08003d04   0x08003d04   0x0000004c   Code   RO         4152    i.sqrt              m_ws.l(sqrt.o)
    0x08003d50   0x08003d50   0x00000064   Code   RO         4095    i.tan               m_ws.l(tan.o)
    0x08003db4   0x08003db4   0x000000a8   Code   RO         3732    i.uart3_init        usart3.o
    0x08003e5c   0x08003e5c   0x00000062   Code   RO         4028    x$fpl$d2f           fz_ws.l(d2f.o)
    0x08003ebe   0x08003ebe   0x00000002   PAD
    0x08003ec0   0x08003ec0   0x00000150   Code   RO         4030    x$fpl$dadd          fz_ws.l(daddsub_clz.o)
    0x08004010   0x08004010   0x00000010   Code   RO         4191    x$fpl$dcheck1       fz_ws.l(dcheck1.o)
    0x08004020   0x08004020   0x00000018   Code   RO         4212    x$fpl$dcmpinf       fz_ws.l(dcmpi.o)
    0x08004038   0x08004038   0x000002b0   Code   RO         4037    x$fpl$ddiv          fz_ws.l(ddiv.o)
    0x080042e8   0x080042e8   0x0000005e   Code   RO         4040    x$fpl$dfix          fz_ws.l(dfix.o)
    0x08004346   0x08004346   0x0000002e   Code   RO         4045    x$fpl$dflt          fz_ws.l(dflt_clz.o)
    0x08004374   0x08004374   0x00000026   Code   RO         4044    x$fpl$dfltu         fz_ws.l(dflt_clz.o)
    0x0800439a   0x0800439a   0x00000002   PAD
    0x0800439c   0x0800439c   0x00000078   Code   RO         4193    x$fpl$dleqf         fz_ws.l(dleqf.o)
    0x08004414   0x08004414   0x00000154   Code   RO         4050    x$fpl$dmul          fz_ws.l(dmul.o)
    0x08004568   0x08004568   0x0000009c   Code   RO         4112    x$fpl$dnaninf       fz_ws.l(dnaninf.o)
    0x08004604   0x08004604   0x0000000c   Code   RO         4114    x$fpl$dretinf       fz_ws.l(dretinf.o)
    0x08004610   0x08004610   0x0000006c   Code   RO         4116    x$fpl$drleqf        fz_ws.l(drleqf.o)
    0x0800467c   0x0800467c   0x00000016   Code   RO         4031    x$fpl$drsb          fz_ws.l(daddsub_clz.o)
    0x08004692   0x08004692   0x00000002   PAD
    0x08004694   0x08004694   0x000001cc   Code   RO         4195    x$fpl$dsqrt         fz_ws.l(dsqrt_noumaal.o)
    0x08004860   0x08004860   0x000001d4   Code   RO         4032    x$fpl$dsub          fz_ws.l(daddsub_clz.o)
    0x08004a34   0x08004a34   0x00000056   Code   RO         4052    x$fpl$f2d           fz_ws.l(f2d.o)
    0x08004a8a   0x08004a8a   0x00000002   PAD
    0x08004a8c   0x08004a8c   0x000000c4   Code   RO         4054    x$fpl$fadd          fz_ws.l(faddsub_clz.o)
    0x08004b50   0x08004b50   0x00000018   Code   RO         4118    x$fpl$fcmpinf       fz_ws.l(fcmpi.o)
    0x08004b68   0x08004b68   0x00000184   Code   RO         4061    x$fpl$fdiv          fz_ws.l(fdiv.o)
    0x08004cec   0x08004cec   0x00000036   Code   RO         4064    x$fpl$ffix          fz_ws.l(ffix.o)
    0x08004d22   0x08004d22   0x00000002   PAD
    0x08004d24   0x08004d24   0x0000003e   Code   RO         4068    x$fpl$ffixu         fz_ws.l(ffixu.o)
    0x08004d62   0x08004d62   0x00000002   PAD
    0x08004d64   0x08004d64   0x00000030   Code   RO         4073    x$fpl$fflt          fz_ws.l(fflt_clz.o)
    0x08004d94   0x08004d94   0x00000026   Code   RO         4072    x$fpl$ffltu         fz_ws.l(fflt_clz.o)
    0x08004dba   0x08004dba   0x00000002   PAD
    0x08004dbc   0x08004dbc   0x00000068   Code   RO         4078    x$fpl$fleqf         fz_ws.l(fleqf.o)
    0x08004e24   0x08004e24   0x00000102   Code   RO         4080    x$fpl$fmul          fz_ws.l(fmul.o)
    0x08004f26   0x08004f26   0x0000008c   Code   RO         4120    x$fpl$fnaninf       fz_ws.l(fnaninf.o)
    0x08004fb2   0x08004fb2   0x0000000a   Code   RO         4122    x$fpl$fretinf       fz_ws.l(fretinf.o)
    0x08004fbc   0x08004fbc   0x00000062   Code   RO         4082    x$fpl$frleqf        fz_ws.l(frleqf.o)
    0x0800501e   0x0800501e   0x00000002   PAD
    0x08005020   0x08005020   0x000000ea   Code   RO         4056    x$fpl$fsub          fz_ws.l(faddsub_clz.o)
    0x0800510a   0x0800510a   0x00000064   Code   RO         4214    x$fpl$retnan        fz_ws.l(retnan.o)
    0x0800516e   0x0800516e   0x0000005c   Code   RO         4124    x$fpl$scalbn        fz_ws.l(scalbn.o)
    0x080051ca   0x080051ca   0x00000030   Code   RO         4263    x$fpl$trapveneer    fz_ws.l(trapv.o)
    0x080051fa   0x080051fa   0x00000000   Code   RO         4126    x$fpl$usenofp       fz_ws.l(usenofp.o)
    0x080051fa   0x080051fa   0x00000a64   Data   RO         3650    .constdata          oled.o
    0x08005c5e   0x08005c5e   0x00000002   PAD
    0x08005c60   0x08005c60   0x00000088   Data   RO         4086    .constdata          m_ws.l(pow.o)
    0x08005ce8   0x08005ce8   0x00000008   Data   RO         4145    .constdata          m_ws.l(qnan.o)
    0x08005cf0   0x08005cf0   0x000000c8   Data   RO         4148    .constdata          m_ws.l(rred.o)
    0x08005db8   0x08005db8   0x00000060   Data   RO         4160    .constdata          m_ws.l(tan_i.o)
    0x08005e18   0x08005e18   0x00000020   Data   RO         4338    Region$$Table       anon$$obj.o


    Execution Region RW_IRAM1 (Exec base: 0x20000000, Load base: 0x08005e38, Size: 0x00000d68, Max: 0x00005000, ABSOLUTE)

    Exec Addr    Load Addr    Size         Type   Attr      Idx    E Section Name        Object

    0x20000000   0x08005e38   0x0000008c   Data   RW           26    .data               main.o
    0x2000008c   0x08005ec4   0x00000014   Data   RW         1902    .data               stm32f10x_rcc.o
    0x200000a0   0x08005ed8   0x00000004   Data   RW         3275    .data               delay.o
    0x200000a4   0x08005edc   0x00000004   Data   RW         3354    .data               usart.o
    0x200000a8   0x08005ee0   0x00000004   Data   RW         3589    .data               led.o
    0x200000ac   0x08005ee4   0x00000008   Data   RW         3734    .data               usart3.o
    0x200000b4   0x08005eec   0x00000040   Data   RW         3777    .data               control.o
    0x200000f4   0x08005f2c   0x00000009   Data   RW         3911    .data               show.o
    0x200000fd   0x08005f35   0x00000001   Data   RW         3958    .data               event_queue.o
    0x200000fe   0x08005f36   0x00000002   PAD
    0x20000100        -       0x00000044   Zero   RW         3459    .bss                encoder.o
    0x20000144        -       0x00000400   Zero   RW         3649    .bss                oled.o
    0x20000544        -       0x00000032   Zero   RW         3733    .bss                usart3.o
    0x20000576   0x08005f36   0x00000002   PAD
    0x20000578        -       0x00000190   Zero   RW         3957    .bss                event_queue.o
    0x20000708        -       0x00000060   Zero   RW         4198    .bss                c_w.l(libspace.o)
    0x20000768        -       0x00000200   Zero   RW           18    HEAP                startup_stm32f10x_hd.o
    0x20000968        -       0x00000400   Zero   RW           17    STACK               startup_stm32f10x_hd.o


==============================================================================

Image component sizes


      Code (inc. data)   RO Data    RW Data    ZI Data      Debug   Object Name

       288         34          0          0          0       1564   adc.o
      1932        296          0         64          0       8542   control.o
         0          0          0          0          0       4540   core_cm3.o
       124         12          0          4          0       1104   delay.o
       524         34          0          0         68       4519   encoder.o
        60         10          0          1        400       1446   event_queue.o
       118          8          0          0          0        958   exti.o
        72         10          0          0          0       1464   key.o
       104         16          0          4          0        911   led.o
       100          6          0        140          0     261087   main.o
       132         22          0          0          0       1547   misc.o
       492         28          0          0          0       1946   moto.o
       958         52       2660          0       1024       6040   oled.o
       470        118          0          9          0       1842   show.o
        64         26        304          0       1536        768   startup_stm32f10x_hd.o
       486         24          0          0          0       8290   stm32f10x_adc.o
       160         12          0          0          0       1517   stm32f10x_exti.o
       346          4          0          0          0       3093   stm32f10x_gpio.o
        26          0          0          0          0       3394   stm32f10x_it.o
       332         44          0         20          0       5418   stm32f10x_rcc.o
      1916        200          0          0          0      17270   stm32f10x_tim.o
       314          6          0          0          0       3666   stm32f10x_usart.o
        48         10          0          0          0        435   sys.o
       328         28          0          0          0       1777   system_stm32f10x.o
        78         12          0          4          0       2766   usart.o
       660         82          0          8         50       1686   usart3.o

    ----------------------------------------------------------------------
     10172       1094       2998        256       3080     347590   Object Totals
         0          0         32          0          0          0   (incl. Generated)
        40          0          2          2          2          0   (incl. Padding)

    ----------------------------------------------------------------------

      Code (inc. data)   RO Data    RW Data    ZI Data      Debug   Library Member Name

         8          0          0          0          0         68   __main.o
       104          0          0          0          0         84   __printf.o
         0          0          0          0          0          0   __rtentry.o
        12          0          0          0          0          0   __rtentry2.o
         6          0          0          0          0          0   __rtentry4.o
        52          8          0          0          0          0   __scatter.o
        26          0          0          0          0          0   __scatter_copy.o
        28          0          0          0          0          0   __scatter_zi.o
        48          6          0          0          0         96   _printf_char_common.o
        36          4          0          0          0         80   _printf_char_file.o
         6          0          0          0          0          0   _printf_d.o
       120         16          0          0          0         92   _printf_dec.o
       178          0          0          0          0         88   _printf_intcommon.o
         0          0          0          0          0          0   _printf_percent.o
         4          0          0          0          0          0   _printf_percent_end.o
        22          0          0          0          0        100   _rserrno.o
        18          0          0          0          0         80   exit.o
         8          0          0          0          0         68   ferror.o
         6          0          0          0          0        152   heapauxi.o
         2          0          0          0          0          0   libinit.o
         2          0          0          0          0          0   libinit2.o
         2          0          0          0          0          0   libshutdown.o
         2          0          0          0          0          0   libshutdown2.o
         8          4          0          0         96         68   libspace.o
        24          4          0          0          0         84   noretval__2printf.o
         8          4          0          0          0         68   rt_errno_addr_intlibspace.o
        68          0          0          0          0         68   rt_memclr.o
        78          0          0          0          0         80   rt_memclr_w.o
         2          0          0          0          0          0   rtexit.o
        10          0          0          0          0          0   rtexit2.o
        74          0          0          0          0         80   sys_stackheap_outer.o
         2          0          0          0          0         68   use_no_semi.o
         2          0          0          0          0         68   use_no_semi_2.o
        98          4          0          0          0         92   d2f.o
       826         16          0          0          0        348   daddsub_clz.o
        16          4          0          0          0         68   dcheck1.o
        24          0          0          0          0         68   dcmpi.o
       688        140          0          0          0        208   ddiv.o
        94          4          0          0          0         92   dfix.o
        84          0          0          0          0        136   dflt_clz.o
       120          4          0          0          0         92   dleqf.o
       340         12          0          0          0        104   dmul.o
       156          4          0          0          0         92   dnaninf.o
        12          0          0          0          0         68   dretinf.o
       108          0          0          0          0         80   drleqf.o
       460         56          0          0          0        120   dsqrt_noumaal.o
        86          4          0          0          0         84   f2d.o
       430          8          0          0          0        168   faddsub_clz.o
        24          0          0          0          0         68   fcmpi.o
       388         76          0          0          0         96   fdiv.o
        54          4          0          0          0         84   ffix.o
        62          4          0          0          0         84   ffixu.o
        86          0          0          0          0        136   fflt_clz.o
       104          4          0          0          0         84   fleqf.o
       258          4          0          0          0         84   fmul.o
       140          4          0          0          0         84   fnaninf.o
        10          0          0          0          0         68   fretinf.o
        98          0          0          0          0         68   frleqf.o
       100          0          0          0          0         68   retnan.o
        92          0          0          0          0         68   scalbn.o
        48          0          0          0          0         68   trapv.o
         0          0          0          0          0          0   usenofp.o
        68         10          0          0          0        408   dunder.o
        40          0          0          0          0         68   fpclassify.o
       170          0          0          0          0         96   poly.o
      2520        190        136          0          0        324   pow.o
         0          0          8          0          0          0   qnan.o
       904         76        200          0          0        140   rred.o
        76          0          0          0          0         84   sqrt.o
       100         10          0          0          0         96   tan.o
       636         50         96          0          0        168   tan_i.o

    ----------------------------------------------------------------------
     10510        734        440          0         96       5756   Library Totals
        24          0          0          0          0          0   (incl. Padding)

    ----------------------------------------------------------------------

      Code (inc. data)   RO Data    RW Data    ZI Data      Debug   Library Name

       966         46          0          0         96       1492   c_w.l
      5006        352          0          0          0       2880   fz_ws.l
      4514        336        440          0          0       1384   m_ws.l

    ----------------------------------------------------------------------
     10510        734        440          0         96       5756   Library Totals

    ----------------------------------------------------------------------

==============================================================================


      Code (inc. data)   RO Data    RW Data    ZI Data      Debug   

     20682       1828       3438        256       3176     344398   Grand Totals
     20682       1828       3438        256       3176     344398   ELF Image Totals
     20682       1828       3438        256          0          0   ROM Totals

==============================================================================

    Total RO  Size (Code + RO Data)                24120 (  23.55kB)
    Total RW  Size (RW Data + ZI Data)              3432 (   3.35kB)
    Total ROM Size (Code + RO Data + RW Data)      24376 (  23.80kB)

==============================================================================

